Archive member included because of file (symbol)

/home/bitcraze/bin/gcc-arm-none-eabi/bin/../lib/gcc/arm-none-eabi/4.9.3/armv6-m/libgcc.a(divsf3.o)
                              src/pm.o (__aeabi_fdiv)
/home/bitcraze/bin/gcc-arm-none-eabi/bin/../lib/gcc/arm-none-eabi/4.9.3/armv6-m/libgcc.a(mulsf3.o)
                              src/pm.o (__aeabi_fmul)
/home/bitcraze/bin/gcc-arm-none-eabi/bin/../lib/gcc/arm-none-eabi/4.9.3/armv6-m/libgcc.a(floatsisf.o)
                              src/pm.o (__aeabi_i2f)
/home/bitcraze/bin/gcc-arm-none-eabi/bin/../lib/gcc/arm-none-eabi/4.9.3/armv6-m/libgcc.a(_clzsi2.o)
                              /home/bitcraze/bin/gcc-arm-none-eabi/bin/../lib/gcc/arm-none-eabi/4.9.3/armv6-m/libgcc.a(divsf3.o) (__clzsi2)
/home/bitcraze/bin/gcc-arm-none-eabi/bin/../lib/gcc/arm-none-eabi/4.9.3/../../../../arm-none-eabi/lib/armv6-m/libc_nano.a(lib_a-bzero.o)
                              src/main.o (bzero)
/home/bitcraze/bin/gcc-arm-none-eabi/bin/../lib/gcc/arm-none-eabi/4.9.3/../../../../arm-none-eabi/lib/armv6-m/libc_nano.a(lib_a-errno.o)
                              src/ow.o (__errno)
/home/bitcraze/bin/gcc-arm-none-eabi/bin/../lib/gcc/arm-none-eabi/4.9.3/../../../../arm-none-eabi/lib/armv6-m/libc_nano.a(lib_a-exit.o)
                              /home/bitcraze/bin/gcc-arm-none-eabi/bin/../lib/gcc/arm-none-eabi/4.9.3/../../../../arm-none-eabi/lib/armv6-m/crt0.o (exit)
/home/bitcraze/bin/gcc-arm-none-eabi/bin/../lib/gcc/arm-none-eabi/4.9.3/../../../../arm-none-eabi/lib/armv6-m/libc_nano.a(lib_a-impure.o)
                              /home/bitcraze/bin/gcc-arm-none-eabi/bin/../lib/gcc/arm-none-eabi/4.9.3/../../../../arm-none-eabi/lib/armv6-m/libc_nano.a(lib_a-exit.o) (_global_impure_ptr)
/home/bitcraze/bin/gcc-arm-none-eabi/bin/../lib/gcc/arm-none-eabi/4.9.3/../../../../arm-none-eabi/lib/armv6-m/libc_nano.a(lib_a-init.o)
                              /home/bitcraze/bin/gcc-arm-none-eabi/bin/../lib/gcc/arm-none-eabi/4.9.3/../../../../arm-none-eabi/lib/armv6-m/crt0.o (__libc_init_array)
/home/bitcraze/bin/gcc-arm-none-eabi/bin/../lib/gcc/arm-none-eabi/4.9.3/../../../../arm-none-eabi/lib/armv6-m/libc_nano.a(lib_a-memcmp.o)
                              src/ds2431.o (memcmp)
/home/bitcraze/bin/gcc-arm-none-eabi/bin/../lib/gcc/arm-none-eabi/4.9.3/../../../../arm-none-eabi/lib/armv6-m/libc_nano.a(lib_a-memcpy.o)
                              src/main.o (memcpy)
/home/bitcraze/bin/gcc-arm-none-eabi/bin/../lib/gcc/arm-none-eabi/4.9.3/../../../../arm-none-eabi/lib/armv6-m/libc_nano.a(lib_a-memset.o)
                              /home/bitcraze/bin/gcc-arm-none-eabi/bin/../lib/gcc/arm-none-eabi/4.9.3/../../../../arm-none-eabi/lib/armv6-m/crt0.o (memset)
/home/bitcraze/bin/gcc-arm-none-eabi/bin/../lib/gcc/arm-none-eabi/4.9.3/../../../../arm-none-eabi/lib/armv6-m/libc_nano.a(lib_a-printf.o)
                              src/ds28e05.o (printf)
/home/bitcraze/bin/gcc-arm-none-eabi/bin/../lib/gcc/arm-none-eabi/4.9.3/../../../../arm-none-eabi/lib/armv6-m/libc_nano.a(lib_a-findfp.o)
                              /home/bitcraze/bin/gcc-arm-none-eabi/bin/../lib/gcc/arm-none-eabi/4.9.3/../../../../arm-none-eabi/lib/armv6-m/libc_nano.a(lib_a-printf.o) (__sinit)
/home/bitcraze/bin/gcc-arm-none-eabi/bin/../lib/gcc/arm-none-eabi/4.9.3/../../../../arm-none-eabi/lib/armv6-m/libc_nano.a(lib_a-fwalk.o)
                              /home/bitcraze/bin/gcc-arm-none-eabi/bin/../lib/gcc/arm-none-eabi/4.9.3/../../../../arm-none-eabi/lib/armv6-m/libc_nano.a(lib_a-findfp.o) (_fwalk)
/home/bitcraze/bin/gcc-arm-none-eabi/bin/../lib/gcc/arm-none-eabi/4.9.3/../../../../arm-none-eabi/lib/armv6-m/libc_nano.a(lib_a-nano-mallocr.o)
                              /home/bitcraze/bin/gcc-arm-none-eabi/bin/../lib/gcc/arm-none-eabi/4.9.3/../../../../arm-none-eabi/lib/armv6-m/libc_nano.a(lib_a-findfp.o) (_malloc_r)
/home/bitcraze/bin/gcc-arm-none-eabi/bin/../lib/gcc/arm-none-eabi/4.9.3/../../../../arm-none-eabi/lib/armv6-m/libc_nano.a(lib_a-nano-vfprintf.o)
                              /home/bitcraze/bin/gcc-arm-none-eabi/bin/../lib/gcc/arm-none-eabi/4.9.3/../../../../arm-none-eabi/lib/armv6-m/libc_nano.a(lib_a-printf.o) (_vfprintf_r)
/home/bitcraze/bin/gcc-arm-none-eabi/bin/../lib/gcc/arm-none-eabi/4.9.3/../../../../arm-none-eabi/lib/armv6-m/libc_nano.a(lib_a-nano-vfprintf_i.o)
                              /home/bitcraze/bin/gcc-arm-none-eabi/bin/../lib/gcc/arm-none-eabi/4.9.3/../../../../arm-none-eabi/lib/armv6-m/libc_nano.a(lib_a-nano-vfprintf.o) (_printf_i)
/home/bitcraze/bin/gcc-arm-none-eabi/bin/../lib/gcc/arm-none-eabi/4.9.3/../../../../arm-none-eabi/lib/armv6-m/libc_nano.a(lib_a-sbrkr.o)
                              /home/bitcraze/bin/gcc-arm-none-eabi/bin/../lib/gcc/arm-none-eabi/4.9.3/../../../../arm-none-eabi/lib/armv6-m/libc_nano.a(lib_a-nano-mallocr.o) (_sbrk_r)
/home/bitcraze/bin/gcc-arm-none-eabi/bin/../lib/gcc/arm-none-eabi/4.9.3/../../../../arm-none-eabi/lib/armv6-m/libc_nano.a(lib_a-stdio.o)
[...]
Memory Configuration

Name             Origin             Length             Attributes
FLASH            0x00016000         0x0002a000         xr
RAM              0x20002000         0x00002000         xrw
*default*        0x00000000         0xffffffff

Linker script and memory map

LOAD /home/bitcraze/bin/gcc-arm-none-eabi/bin/../lib/gcc/arm-none-eabi/4.9.3/armv6-m/crti.o
LOAD /home/bitcraze/bin/gcc-arm-none-eabi/bin/../lib/gcc/arm-none-eabi/4.9.3/armv6-m/crtbegin.o
LOAD /home/bitcraze/bin/gcc-arm-none-eabi/bin/../lib/gcc/arm-none-eabi/4.9.3/../../../../arm-none-eabi/lib/armv6-m/crt0.o
LOAD src/main.o
LOAD gcc_startup_nrf51.o
LOAD system_nrf51.o
LOAD src/uart.o
LOAD src/syslink.o
LOAD src/pm.o
LOAD src/systick.o
LOAD src/button.o
LOAD src/swd.o
LOAD src/ow.o
LOAD src/ow/owlnk.o
LOAD src/ow/ownet.o
LOAD src/ow/owtran.o
LOAD src/ow/crcutil.o
LOAD src/ds2431.o
LOAD src/ds28e05.o
LOAD src/esb.o
LOAD src/memory.o
START GROUP
LOAD /home/bitcraze/bin/gcc-arm-none-eabi/bin/../lib/gcc/arm-none-eabi/4.9.3/armv6-m/libgcc.a
LOAD /home/bitcraze/bin/gcc-arm-none-eabi/bin/../lib/gcc/arm-none-eabi/4.9.3/../../../../arm-none-eabi/lib/armv6-m/libc_nano.a
END GROUP
START GROUP
LOAD /home/bitcraze/bin/gcc-arm-none-eabi/bin/../lib/gcc/arm-none-eabi/4.9.3/armv6-m/libgcc.a
LOAD /home/bitcraze/bin/gcc-arm-none-eabi/bin/../lib/gcc/arm-none-eabi/4.9.3/../../../../arm-none-eabi/lib/armv6-m/libc_nano.a
END GROUP
LOAD /home/bitcraze/bin/gcc-arm-none-eabi/bin/../lib/gcc/arm-none-eabi/4.9.3/armv6-m/crtend.o
LOAD /home/bitcraze/bin/gcc-arm-none-eabi/bin/../lib/gcc/arm-none-eabi/4.9.3/armv6-m/crtn.o
START GROUP
LOAD /home/bitcraze/bin/gcc-arm-none-eabi/bin/../lib/gcc/arm-none-eabi/4.9.3/armv6-m/libgcc.a
LOAD /home/bitcraze/bin/gcc-arm-none-eabi/bin/../lib/gcc/arm-none-eabi/4.9.3/../../../../arm-none-eabi/lib/armv6-m/libc.a
LOAD /home/bitcraze/bin/gcc-arm-none-eabi/bin/../lib/gcc/arm-none-eabi/4.9.3/../../../../arm-none-eabi/lib/armv6-m/libnosys.a
END GROUP

.text           0x00016000     0x5f9c
 *(.Vectors)
 .Vectors       0x00016000       0xc0 gcc_startup_nrf51.o
                0x00016000                __Vectors
 *(.text*)
 .text          0x000160c0        0x0 /home/bitcraze/bin/gcc-arm-none-eabi/bin/../lib/gcc/arm-none-eabi/4.9.3/armv6-m/crti.o
 .text          0x000160c0       0x60 /home/bitcraze/bin/gcc-arm-none-eabi/bin/../lib/gcc/arm-none-eabi/4.9.3/armv6-m/crtbegin.o
 .text          0x00016120       0x78 /home/bitcraze/bin/gcc-arm-none-eabi/bin/../lib/gcc/arm-none-eabi/4.9.3/../../../../arm-none-eabi/lib/armv6-m/crt0.o
                0x00016120                _mainCRTStartup
                0x00016120                _start
 .text          0x00016198      0x640 src/main.o
                0x000161b4                main
 .text          0x000167d8       0x48 gcc_startup_nrf51.o
                0x000167d8                Reset_Handler
                0x00016814                NMI_Handler
                0x00016816                HardFault_Handler
                0x00016818                SVC_Handler
                0x0001681a                PendSV_Handler
                0x0001681c                SysTick_Handler
                0x0001681e                SPI0_TWI0_IRQHandler
                0x0001681e                RTC0_IRQHandler
                0x0001681e                GPIOTE_IRQHandler
                0x0001681e                POWER_CLOCK_IRQHandler
                0x0001681e                LPCOMP_IRQHandler
                0x0001681e                SWI4_IRQHandler
                0x0001681e                TEMP_IRQHandler
                0x0001681e                QDEC_IRQHandler
                0x0001681e                SWI5_IRQHandler
                0x0001681e                TIMER0_IRQHandler
                0x0001681e                SWI0_IRQHandler
                0x0001681e                ECB_IRQHandler
                0x0001681e                Default_Handler
                0x0001681e                ADC_IRQHandler
                0x0001681e                SWI3_IRQHandler
                0x0001681e                CCM_AAR_IRQHandler
                0x0001681e                WDT_IRQHandler
                0x0001681e                SWI2_IRQHandler
                0x0001681e                RNG_IRQHandler
                0x0001681e                SPI1_TWI1_IRQHandler
                0x0001681e                RTC1_IRQHandler
                0x0001681e                SWI1_IRQHandler
 .text          0x00016820      0x124 system_nrf51.o
                0x00016820                SystemCoreClockUpdate
                0x00016838                SystemInit
 .text          0x00016944      0x478 src/uart.o
                0x00016a70                UART0_IRQHandler
                0x00016afc                uartInit
                0x00016c14                uartDeinit
                0x00016c50                uartPuts
                0x00016c8c                uartSend
                0x00016ccc                uartPutc
                0x00016d1c                uartIsDataReceived
                0x00016d54                uartGetc
 .text          0x00016dbc      0x2d4 src/syslink.o
                0x00016dbc                syslinkReceive
                0x00016f98                syslinkSend
 .text          0x00017090      0x514 src/pm.o
                0x00017144                pmInit
                0x00017180                pmUSBPower
                0x00017198                pmIsCharging
                0x000173a0                pmSetState
                0x000173c0                pmGetState
                0x000173d4                pmGetVBAT
                0x000173e8                pmGetISET
                0x000173fc                pmSysBootloader
                0x0001741c                pmProcess
 .text          0x000175a4      0x18c src/systick.o
                0x000176a4                TIMER2_IRQHandler
                0x000176c8                systickInit
                0x0001771c                systickGetTick
 .text          0x00017730      0x134 src/button.o
                0x0001775c                buttonInit
                0x0001779c                buttonProcess
                0x00017840                buttonGetState
 .text          0x00017864      0x31c src/swd.o
                0x000178b0                swdInit
                0x00017920                swdTest
 .text          0x00017b80      0x1a4 src/ow.o
                0x00017ca0                owInit
                0x00017d0c                owRaiseError
 .text          0x00017d24      0x2ac src/ow/owlnk.o
                0x00017d24                TIMER1_IRQHandler
                0x00017dcc                owTouchReset
                0x00017e48                owTouchBit
                0x00017eb8                owTouchByte
                0x00017f0c                owWriteByte
                0x00017f38                owReadByte
                0x00017f54                owSpeed
                0x00017f68                owLevel
                0x00017f7c                owProgramPulse
                0x00017f90                msDelay
                0x00017fb8                msGettick
 .text          0x00017fd0      0x9a0 src/ow/ownet.o
                0x00017fd0                owFirst
                0x00018020                owNext
                0x00018354                owSerialNum
                0x000183f0                owFamilySearchSetup
                0x00018460                owSkipFamily
                0x000184ac                owAccess
                0x0001859c                owVerify
                0x0001879c                owOverdriveAccess
                0x000188c8                bitacc
 .text          0x00018970      0x290 src/ow/owtran.o
                0x00018970                owBlock
                0x00018a00                owProgramByte
 .text          0x00018c00      0x1ac src/ow/crcutil.o
                0x00018c00                setcrc16
                0x00018c2c                setcrc8
                0x00018c54                docrc16
                0x00018d60                docrc8
 .text          0x00018dac      0x384 src/ds2431.o
                0x00018dac                ds2431ReadScratchpad
                0x00018e88                ds2431WriteScratchpad
                0x00018ef8                ds2431ReadMemory
                0x00018f74                ds2431CopyScratchpad
                0x00019000                ds2431WriteMemory
 .text          0x00019130      0x468 src/ds28e05.o
                0x00019130                ds28e05ReadMemory
                0x000191b8                ds28e05WriteMemory
 .text          0x00019598      0x814 src/esb.o
                0x000198cc                RADIO_IRQHandler
                0x000198d8                esbInterruptHandler
                0x000199c4                esbInit
                0x00019b8c                esbReset
                0x00019bcc                esbDeinit
                0x00019c04                esbIsRxPacket
                0x00019c28                esbGetRxPacket
                0x00019c5c                esbReleaseRxPacket
                0x00019c88                esbCanTxPacket
                0x00019cc4                esbGetTxPacket
                0x00019cf8                esbSendTxPacket
                0x00019d24                esbSetDatarate
                0x00019d48                esbSetContwave
                0x00019d6c                esbSetChannel
                0x00019d90                esbSetTxPower
 .text          0x00019dac      0x230 src/memory.o
                0x00019df8                owScan
                0x00019e44                memoryInit
                0x00019e70                memorySyslink
 .text          0x00019fdc      0x270 /home/bitcraze/bin/gcc-arm-none-eabi/bin/../lib/gcc/arm-none-eabi/4.9.3/armv6-m/libgcc.a(divsf3.o)
                0x00019fdc                __aeabi_fdiv
 .text          0x0001a24c      0x264 /home/bitcraze/bin/gcc-arm-none-eabi/bin/../lib/gcc/arm-none-eabi/4.9.3/armv6-m/libgcc.a(mulsf3.o)
                0x0001a24c                __aeabi_fmul
 .text          0x0001a4b0       0x90 /home/bitcraze/bin/gcc-arm-none-eabi/bin/../lib/gcc/arm-none-eabi/4.9.3/armv6-m/libgcc.a(floatsisf.o)
                0x0001a4b0                __aeabi_i2f
 .text          0x0001a540       0x3c /home/bitcraze/bin/gcc-arm-none-eabi/bin/../lib/gcc/arm-none-eabi/4.9.3/armv6-m/libgcc.a(_clzsi2.o)
                0x0001a540                __clzsi2
 .text          0x0001a57c        0x0 /home/bitcraze/bin/gcc-arm-none-eabi/bin/../lib/gcc/arm-none-eabi/4.9.3/../../../../arm-none-eabi/lib/armv6-m/libc_nano.a(lib_a-bzero.o)
 .text.bzero    0x0001a57c       0x10 /home/bitcraze/bin/gcc-arm-none-eabi/bin/../lib/gcc/arm-none-eabi/4.9.3/../../../../arm-none-eabi/lib/armv6-m/libc_nano.a(lib_a-bzero.o)
                0x0001a57c                bzero
 .text          0x0001a58c        0x0 /home/bitcraze/bin/gcc-arm-none-eabi/bin/../lib/gcc/arm-none-eabi/4.9.3/../../../../arm-none-eabi/lib/armv6-m/libc_nano.a(lib_a-errno.o)
 .text.__errno  0x0001a58c        0xc /home/bitcraze/bin/gcc-arm-none-eabi/bin/../lib/gcc/arm-none-eabi/4.9.3/../../../../arm-none-eabi/lib/armv6-m/libc_nano.a(lib_a-errno.o)
                0x0001a58c                __errno
 .text          0x0001a598        0x0 /home/bitcraze/bin/gcc-arm-none-eabi/bin/../lib/gcc/arm-none-eabi/4.9.3/../../../../arm-none-eabi/lib/armv6-m/libc_nano.a(lib_a-exit.o)
 .text.exit     0x0001a598       0x2c /home/bitcraze/bin/gcc-arm-none-eabi/bin/../lib/gcc/arm-none-eabi/4.9.3/../../../../arm-none-eabi/lib/armv6-m/libc_nano.a(lib_a-exit.o)
                0x0001a598                exit
 .text          0x0001a5c4        0x0 /home/bitcraze/bin/gcc-arm-none-eabi/bin/../lib/gcc/arm-none-eabi/4.9.3/../../../../arm-none-eabi/lib/armv6-m/libc_nano.a(lib_a-impure.o)
 .text          0x0001a5c4        0x0 /home/bitcraze/bin/gcc-arm-none-eabi/bin/../lib/gcc/arm-none-eabi/4.9.3/../../../../arm-none-eabi/lib/armv6-m/libc_nano.a(lib_a-init.o)
 .text.__libc_init_array
                0x0001a5c4       0x4c /home/bitcraze/bin/gcc-arm-none-eabi/bin/../lib/gcc/arm-none-eabi/4.9.3/../../../../arm-none-eabi/lib/armv6-m/libc_nano.a(lib_a-init.o)
                0x0001a5c4                __libc_init_array
 .text          0x0001a610        0x0 /home/bitcraze/bin/gcc-arm-none-eabi/bin/../lib/gcc/arm-none-eabi/4.9.3/../../../../arm-none-eabi/lib/armv6-m/libc_nano.a(lib_a-memcmp.o)
 .text.memcmp   0x0001a610       0x1e /home/bitcraze/bin/gcc-arm-none-eabi/bin/../lib/gcc/arm-none-eabi/4.9.3/../../../../arm-none-eabi/lib/armv6-m/libc_nano.a(lib_a-memcmp.o)
                0x0001a610                memcmp
 .text          0x0001a62e        0x0 /home/bitcraze/bin/gcc-arm-none-eabi/bin/../lib/gcc/arm-none-eabi/4.9.3/../../../../arm-none-eabi/lib/armv6-m/libc_nano.a(lib_a-memcpy.o)
 .text.memcpy   0x0001a62e       0x12 /home/bitcraze/bin/gcc-arm-none-eabi/bin/../lib/gcc/arm-none-eabi/4.9.3/../../../../arm-none-eabi/lib/armv6-m/libc_nano.a(lib_a-memcpy.o)
                0x0001a62e                memcpy
 .text          0x0001a640        0x0 /home/bitcraze/bin/gcc-arm-none-eabi/bin/../lib/gcc/arm-none-eabi/4.9.3/../../../../arm-none-eabi/lib/armv6-m/libc_nano.a(lib_a-memset.o)
 .text.memset   0x0001a640       0x10 /home/bitcraze/bin/gcc-arm-none-eabi/bin/../lib/gcc/arm-none-eabi/4.9.3/../../../../arm-none-eabi/lib/armv6-m/libc_nano.a(lib_a-memset.o)
                0x0001a640                memset
 .text          0x0001a650        0x0 /home/bitcraze/bin/gcc-arm-none-eabi/bin/../lib/gcc/arm-none-eabi/4.9.3/../../../../arm-none-eabi/lib/armv6-m/libc_nano.a(lib_a-printf.o)
 .text._printf_r
                0x0001a650       0x28 /home/bitcraze/bin/gcc-arm-none-eabi/bin/../lib/gcc/arm-none-eabi/4.9.3/../../../../arm-none-eabi/lib/armv6-m/libc_nano.a(lib_a-printf.o)
                0x0001a650                _printf_r
                0x0001a650                _iprintf_r
 .text.printf   0x0001a678       0x34 /home/bitcraze/bin/gcc-arm-none-eabi/bin/../lib/gcc/arm-none-eabi/4.9.3/../../../../arm-none-eabi/lib/armv6-m/libc_nano.a(lib_a-printf.o)
                0x0001a678                printf
                0x0001a678                iprintf
 .text          0x0001a6ac        0x0 /home/bitcraze/bin/gcc-arm-none-eabi/bin/../lib/gcc/arm-none-eabi/4.9.3/../../../../arm-none-eabi/lib/armv6-m/libc_nano.a(lib_a-findfp.o)
 .text.__fp_lock
                0x0001a6ac        0x4 /home/bitcraze/bin/gcc-arm-none-eabi/bin/../lib/gcc/arm-none-eabi/4.9.3/../../../../arm-none-eabi/lib/armv6-m/libc_nano.a(lib_a-findfp.o)
 .text.__fp_unlock
                0x0001a6b0        0x4 /home/bitcraze/bin/gcc-arm-none-eabi/bin/../lib/gcc/arm-none-eabi/4.9.3/../../../../arm-none-eabi/lib/armv6-m/libc_nano.a(lib_a-findfp.o)
 .text._cleanup_r
                0x0001a6b4       0x10 /home/bitcraze/bin/gcc-arm-none-eabi/bin/../lib/gcc/arm-none-eabi/4.9.3/../../../../arm-none-eabi/lib/armv6-m/libc_nano.a(lib_a-findfp.o)
                0x0001a6b4                _cleanup_r
 .text.std.isra.0
                0x0001a6c4       0x48 /home/bitcraze/bin/gcc-arm-none-eabi/bin/../lib/gcc/arm-none-eabi/4.9.3/../../../../arm-none-eabi/lib/armv6-m/libc_nano.a(lib_a-findfp.o)
 .text.__sfmoreglue
                0x0001a70c       0x2c /home/bitcraze/bin/gcc-arm-none-eabi/bin/../lib/gcc/arm-none-eabi/4.9.3/../../../../arm-none-eabi/lib/armv6-m/libc_nano.a(lib_a-findfp.o)
                0x0001a70c                __sfmoreglue
 .text._cleanup
                0x0001a738       0x10 /home/bitcraze/bin/gcc-arm-none-eabi/bin/../lib/gcc/arm-none-eabi/4.9.3/../../../../arm-none-eabi/lib/armv6-m/libc_nano.a(lib_a-findfp.o)
                0x0001a738                _cleanup
 .text.__sinit  0x0001a748       0x64 /home/bitcraze/bin/gcc-arm-none-eabi/bin/../lib/gcc/arm-none-eabi/4.9.3/../../../../arm-none-eabi/lib/armv6-m/libc_nano.a(lib_a-findfp.o)
                0x0001a748                __sinit
 .text.__sfp    0x0001a7ac       0x7c /home/bitcraze/bin/gcc-arm-none-eabi/bin/../lib/gcc/arm-none-eabi/4.9.3/../../../../arm-none-eabi/lib/armv6-m/libc_nano.a(lib_a-findfp.o)
                0x0001a7ac                __sfp
 .text.__sfp_lock_acquire
                0x0001a828        0x2 /home/bitcraze/bin/gcc-arm-none-eabi/bin/../lib/gcc/arm-none-eabi/4.9.3/../../../../arm-none-eabi/lib/armv6-m/libc_nano.a(lib_a-findfp.o)
                0x0001a828                __sfp_lock_acquire
 .text.__sfp_lock_release
                0x0001a82a        0x2 /home/bitcraze/bin/gcc-arm-none-eabi/bin/../lib/gcc/arm-none-eabi/4.9.3/../../../../arm-none-eabi/lib/armv6-m/libc_nano.a(lib_a-findfp.o)
                0x0001a82a                __sfp_lock_release
 .text.__sinit_lock_acquire
                0x0001a82c        0x2 /home/bitcraze/bin/gcc-arm-none-eabi/bin/../lib/gcc/arm-none-eabi/4.9.3/../../../../arm-none-eabi/lib/armv6-m/libc_nano.a(lib_a-findfp.o)
                0x0001a82c                __sinit_lock_acquire
 .text.__sinit_lock_release
                0x0001a82e        0x2 /home/bitcraze/bin/gcc-arm-none-eabi/bin/../lib/gcc/arm-none-eabi/4.9.3/../../../../arm-none-eabi/lib/armv6-m/libc_nano.a(lib_a-findfp.o)
                0x0001a82e                __sinit_lock_release
 .text.__fp_lock_all
                0x0001a830       0x18 /home/bitcraze/bin/gcc-arm-none-eabi/bin/../lib/gcc/arm-none-eabi/4.9.3/../../../../arm-none-eabi/lib/armv6-m/libc_nano.a(lib_a-findfp.o)
                0x0001a830                __fp_lock_all
 .text.__fp_unlock_all
                0x0001a848       0x18 /home/bitcraze/bin/gcc-arm-none-eabi/bin/../lib/gcc/arm-none-eabi/4.9.3/../../../../arm-none-eabi/lib/armv6-m/libc_nano.a(lib_a-findfp.o)
                0x0001a848                __fp_unlock_all
 .text          0x0001a860        0x0 /home/bitcraze/bin/gcc-arm-none-eabi/bin/../lib/gcc/arm-none-eabi/4.9.3/../../../../arm-none-eabi/lib/armv6-m/libc_nano.a(lib_a-fwalk.o)
 .text._fwalk   0x0001a860       0x38 /home/bitcraze/bin/gcc-arm-none-eabi/bin/../lib/gcc/arm-none-eabi/4.9.3/../../../../arm-none-eabi/lib/armv6-m/libc_nano.a(lib_a-fwalk.o)
                0x0001a860                _fwalk
 .text._fwalk_reent
                0x0001a898       0x42 /home/bitcraze/bin/gcc-arm-none-eabi/bin/../lib/gcc/arm-none-eabi/4.9.3/../../../../arm-none-eabi/lib/armv6-m/libc_nano.a(lib_a-fwalk.o)
                0x0001a898                _fwalk_reent
 .text          0x0001a8da        0x0 /home/bitcraze/bin/gcc-arm-none-eabi/bin/../lib/gcc/arm-none-eabi/4.9.3/../../../../arm-none-eabi/lib/armv6-m/libc_nano.a(lib_a-nano-mallocr.o)
 *fill*         0x0001a8da        0x2 
 .text._malloc_r
                0x0001a8dc       0xb0 /home/bitcraze/bin/gcc-arm-none-eabi/bin/../lib/gcc/arm-none-eabi/4.9.3/../../../../arm-none-eabi/lib/armv6-m/libc_nano.a(lib_a-nano-mallocr.o)
                0x0001a8dc                _malloc_r
 .text          0x0001a98c        0x0 /home/bitcraze/bin/gcc-arm-none-eabi/bin/../lib/gcc/arm-none-eabi/4.9.3/../../../../arm-none-eabi/lib/armv6-m/libc_nano.a(lib_a-nano-vfprintf.o)
 .text.__sfputc_r
                0x0001a98c       0x2a /home/bitcraze/bin/gcc-arm-none-eabi/bin/../lib/gcc/arm-none-eabi/4.9.3/../../../../arm-none-eabi/lib/armv6-m/libc_nano.a(lib_a-nano-vfprintf.o)
 .text.__sfputs_r
                0x0001a9b6       0x24 /home/bitcraze/bin/gcc-arm-none-eabi/bin/../lib/gcc/arm-none-eabi/4.9.3/../../../../arm-none-eabi/lib/armv6-m/libc_nano.a(lib_a-nano-vfprintf.o)
                0x0001a9b6                __sfputs_r
 .text.__sprint_r
                0x0001a9da       0x1c /home/bitcraze/bin/gcc-arm-none-eabi/bin/../lib/gcc/arm-none-eabi/4.9.3/../../../../arm-none-eabi/lib/armv6-m/libc_nano.a(lib_a-nano-vfprintf.o)
                0x0001a9da                __sprint_r
 *fill*         0x0001a9f6        0x2 
 .text._vfprintf_r
                0x0001a9f8      0x220 /home/bitcraze/bin/gcc-arm-none-eabi/bin/../lib/gcc/arm-none-eabi/4.9.3/../../../../arm-none-eabi/lib/armv6-m/libc_nano.a(lib_a-nano-vfprintf.o)
                0x0001a9f8                _vfiprintf_r
                0x0001a9f8                _vfprintf_r
 .text.vfprintf
                0x0001ac18       0x1c /home/bitcraze/bin/gcc-arm-none-eabi/bin/../lib/gcc/arm-none-eabi/4.9.3/../../../../arm-none-eabi/lib/armv6-m/libc_nano.a(lib_a-nano-vfprintf.o)
                0x0001ac18                vfiprintf
                0x0001ac18                vfprintf
 .text          0x0001ac34        0x0 /home/bitcraze/bin/gcc-arm-none-eabi/bin/../lib/gcc/arm-none-eabi/4.9.3/../../../../arm-none-eabi/lib/armv6-m/libc_nano.a(lib_a-nano-vfprintf_i.o)
 .text._printf_common
                0x0001ac34       0xdc /home/bitcraze/bin/gcc-arm-none-eabi/bin/../lib/gcc/arm-none-eabi/4.9.3/../../../../arm-none-eabi/lib/armv6-m/libc_nano.a(lib_a-nano-vfprintf_i.o)
                0x0001ac34                _printf_common
 .text._printf_i
                0x0001ad10      0x230 /home/bitcraze/bin/gcc-arm-none-eabi/bin/../lib/gcc/arm-none-eabi/4.9.3/../../../../arm-none-eabi/lib/armv6-m/libc_nano.a(lib_a-nano-vfprintf_i.o)
                0x0001ad10                _printf_i
 .text          0x0001af40        0x0 /home/bitcraze/bin/gcc-arm-none-eabi/bin/../lib/gcc/arm-none-eabi/4.9.3/../../../../arm-none-eabi/lib/armv6-m/libc_nano.a(lib_a-sbrkr.o)
 .text._sbrk_r  0x0001af40       0x24 /home/bitcraze/bin/gcc-arm-none-eabi/bin/../lib/gcc/arm-none-eabi/4.9.3/../../../../arm-none-eabi/lib/armv6-m/libc_nano.a(lib_a-sbrkr.o)
                0x0001af40                _sbrk_r
 .text          0x0001af64        0x0 /home/bitcraze/bin/gcc-arm-none-eabi/bin/../lib/gcc/arm-none-eabi/4.9.3/../../../../arm-none-eabi/lib/armv6-m/libc_nano.a(lib_a-stdio.o)
 .text.__sread  0x0001af64       0x28 /home/bitcraze/bin/gcc-arm-none-eabi/bin/../lib/gcc/arm-none-eabi/4.9.3/../../../../arm-none-eabi/lib/armv6-m/libc_nano.a(lib_a-stdio.o)
                0x0001af64                __sread
 .text.__seofread
                0x0001af8c        0x4 /home/bitcraze/bin/gcc-arm-none-eabi/bin/../lib/gcc/arm-none-eabi/4.9.3/../../../../arm-none-eabi/lib/armv6-m/libc_nano.a(lib_a-stdio.o)
                0x0001af8c                __seofread
 .text.__swrite
                0x0001af90       0x38 /home/bitcraze/bin/gcc-arm-none-eabi/bin/../lib/gcc/arm-none-eabi/4.9.3/../../../../arm-none-eabi/lib/armv6-m/libc_nano.a(lib_a-stdio.o)
                0x0001af90                __swrite
 .text.__sseek  0x0001afc8       0x2c /home/bitcraze/bin/gcc-arm-none-eabi/bin/../lib/gcc/arm-none-eabi/4.9.3/../../../../arm-none-eabi/lib/armv6-m/libc_nano.a(lib_a-stdio.o)
                0x0001afc8                __sseek
 .text.__sclose
                0x0001aff4        0xc /home/bitcraze/bin/gcc-arm-none-eabi/bin/../lib/gcc/arm-none-eabi/4.9.3/../../../../arm-none-eabi/lib/armv6-m/libc_nano.a(lib_a-stdio.o)
                0x0001aff4                __sclose
 .text          0x0001b000        0x0 /home/bitcraze/bin/gcc-arm-none-eabi/bin/../lib/gcc/arm-none-eabi/4.9.3/../../../../arm-none-eabi/lib/armv6-m/libc_nano.a(lib_a-wbuf.o)
 .text.__swbuf_r
                0x0001b000       0xb0 /home/bitcraze/bin/gcc-arm-none-eabi/bin/../lib/gcc/arm-none-eabi/4.9.3/../../../../arm-none-eabi/lib/armv6-m/libc_nano.a(lib_a-wbuf.o)
                0x0001b000                __swbuf_r
 .text.__swbuf  0x0001b0b0       0x18 /home/bitcraze/bin/gcc-arm-none-eabi/bin/../lib/gcc/arm-none-eabi/4.9.3/../../../../arm-none-eabi/lib/armv6-m/libc_nano.a(lib_a-wbuf.o)
                0x0001b0b0                __swbuf
 .text          0x0001b0c8        0x0 /home/bitcraze/bin/gcc-arm-none-eabi/bin/../lib/gcc/arm-none-eabi/4.9.3/../../../../arm-none-eabi/lib/armv6-m/libc_nano.a(lib_a-writer.o)
 .text._write_r
                0x0001b0c8       0x28 /home/bitcraze/bin/gcc-arm-none-eabi/bin/../lib/gcc/arm-none-eabi/4.9.3/../../../../arm-none-eabi/lib/armv6-m/libc_nano.a(lib_a-writer.o)
                0x0001b0c8                _write_r
 .text          0x0001b0f0        0x0 /home/bitcraze/bin/gcc-arm-none-eabi/bin/../lib/gcc/arm-none-eabi/4.9.3/../../../../arm-none-eabi/lib/armv6-m/libc_nano.a(lib_a-wsetup.o)
 .text.__swsetup_r
                0x0001b0f0       0xe8 /home/bitcraze/bin/gcc-arm-none-eabi/bin/../lib/gcc/arm-none-eabi/4.9.3/../../../../arm-none-eabi/lib/armv6-m/libc_nano.a(lib_a-wsetup.o)
                0x0001b0f0                __swsetup_r
 .text          0x0001b1d8        0x0 /home/bitcraze/bin/gcc-arm-none-eabi/bin/../lib/gcc/arm-none-eabi/4.9.3/../../../../arm-none-eabi/lib/armv6-m/libc_nano.a(lib_a-closer.o)
 .text._close_r
                0x0001b1d8       0x24 /home/bitcraze/bin/gcc-arm-none-eabi/bin/../lib/gcc/arm-none-eabi/4.9.3/../../../../arm-none-eabi/lib/armv6-m/libc_nano.a(lib_a-closer.o)
                0x0001b1d8                _close_r
 .text          0x0001b1fc        0x0 /home/bitcraze/bin/gcc-arm-none-eabi/bin/../lib/gcc/arm-none-eabi/4.9.3/../../../../arm-none-eabi/lib/armv6-m/libc_nano.a(lib_a-fflush.o)
 .text.__sflush_r
                0x0001b1fc      0x112 /home/bitcraze/bin/gcc-arm-none-eabi/bin/../lib/gcc/arm-none-eabi/4.9.3/../../../../arm-none-eabi/lib/armv6-m/libc_nano.a(lib_a-fflush.o)
                0x0001b1fc                __sflush_r
 *fill*         0x0001b30e        0x2 
 .text._fflush_r
                0x0001b310       0x58 /home/bitcraze/bin/gcc-arm-none-eabi/bin/../lib/gcc/arm-none-eabi/4.9.3/../../../../arm-none-eabi/lib/armv6-m/libc_nano.a(lib_a-fflush.o)
                0x0001b310                _fflush_r
 .text.fflush   0x0001b368       0x28 /home/bitcraze/bin/gcc-arm-none-eabi/bin/../lib/gcc/arm-none-eabi/4.9.3/../../../../arm-none-eabi/lib/armv6-m/libc_nano.a(lib_a-fflush.o)
                0x0001b368                fflush
 .text          0x0001b390        0x0 /home/bitcraze/bin/gcc-arm-none-eabi/bin/../lib/gcc/arm-none-eabi/4.9.3/../../../../arm-none-eabi/lib/armv6-m/libc_nano.a(lib_a-fvwrite.o)
 .text.__sfvwrite_r
                0x0001b390      0x2b0 /home/bitcraze/bin/gcc-arm-none-eabi/bin/../lib/gcc/arm-none-eabi/4.9.3/../../../../arm-none-eabi/lib/armv6-m/libc_nano.a(lib_a-fvwrite.o)
                0x0001b390                __sfvwrite_r
 .text          0x0001b640        0x0 /home/bitcraze/bin/gcc-arm-none-eabi/bin/../lib/gcc/arm-none-eabi/4.9.3/../../../../arm-none-eabi/lib/armv6-m/libc_nano.a(lib_a-lseekr.o)
 .text._lseek_r
                0x0001b640       0x28 /home/bitcraze/bin/gcc-arm-none-eabi/bin/../lib/gcc/arm-none-eabi/4.9.3/../../../../arm-none-eabi/lib/armv6-m/libc_nano.a(lib_a-lseekr.o)
                0x0001b640                _lseek_r
 .text          0x0001b668        0x0 /home/bitcraze/bin/gcc-arm-none-eabi/bin/../lib/gcc/arm-none-eabi/4.9.3/../../../../arm-none-eabi/lib/armv6-m/libc_nano.a(lib_a-makebuf.o)
 .text.__smakebuf_r
                0x0001b668       0xb0 /home/bitcraze/bin/gcc-arm-none-eabi/bin/../lib/gcc/arm-none-eabi/4.9.3/../../../../arm-none-eabi/lib/armv6-m/libc_nano.a(lib_a-makebuf.o)
                0x0001b668                __smakebuf_r
 .text          0x0001b718        0x0 /home/bitcraze/bin/gcc-arm-none-eabi/bin/../lib/gcc/arm-none-eabi/4.9.3/../../../../arm-none-eabi/lib/armv6-m/libc_nano.a(lib_a-memchr.o)
 .text.memchr   0x0001b718       0x16 /home/bitcraze/bin/gcc-arm-none-eabi/bin/../lib/gcc/arm-none-eabi/4.9.3/../../../../arm-none-eabi/lib/armv6-m/libc_nano.a(lib_a-memchr.o)
                0x0001b718                memchr
 .text          0x0001b72e        0x0 /home/bitcraze/bin/gcc-arm-none-eabi/bin/../lib/gcc/arm-none-eabi/4.9.3/../../../../arm-none-eabi/lib/armv6-m/libc_nano.a(lib_a-memmove.o)
 .text.memmove  0x0001b72e       0x28 /home/bitcraze/bin/gcc-arm-none-eabi/bin/../lib/gcc/arm-none-eabi/4.9.3/../../../../arm-none-eabi/lib/armv6-m/libc_nano.a(lib_a-memmove.o)
                0x0001b72e                memmove
 .text          0x0001b756        0x0 /home/bitcraze/bin/gcc-arm-none-eabi/bin/../lib/gcc/arm-none-eabi/4.9.3/../../../../arm-none-eabi/lib/armv6-m/libc_nano.a(lib_a-nano-freer.o)
 *fill*         0x0001b756        0x2 
 .text._free_r  0x0001b758       0x8c /home/bitcraze/bin/gcc-arm-none-eabi/bin/../lib/gcc/arm-none-eabi/4.9.3/../../../../arm-none-eabi/lib/armv6-m/libc_nano.a(lib_a-nano-freer.o)
                0x0001b758                _free_r
 .text          0x0001b7e4        0x0 /home/bitcraze/bin/gcc-arm-none-eabi/bin/../lib/gcc/arm-none-eabi/4.9.3/../../../../arm-none-eabi/lib/armv6-m/libc_nano.a(lib_a-nano-reallocr.o)
 .text._realloc_r
                0x0001b7e4       0x4c /home/bitcraze/bin/gcc-arm-none-eabi/bin/../lib/gcc/arm-none-eabi/4.9.3/../../../../arm-none-eabi/lib/armv6-m/libc_nano.a(lib_a-nano-reallocr.o)
                0x0001b7e4                _realloc_r
 .text          0x0001b830        0x0 /home/bitcraze/bin/gcc-arm-none-eabi/bin/../lib/gcc/arm-none-eabi/4.9.3/../../../../arm-none-eabi/lib/armv6-m/libc_nano.a(lib_a-readr.o)
 .text._read_r  0x0001b830       0x28 /home/bitcraze/bin/gcc-arm-none-eabi/bin/../lib/gcc/arm-none-eabi/4.9.3/../../../../arm-none-eabi/lib/armv6-m/libc_nano.a(lib_a-readr.o)
                0x0001b830                _read_r
 .text          0x0001b858        0x0 /home/bitcraze/bin/gcc-arm-none-eabi/bin/../lib/gcc/arm-none-eabi/4.9.3/../../../../arm-none-eabi/lib/armv6-m/libc_nano.a(lib_a-reent.o)
 .text.cleanup_glue
                0x0001b858       0x1a /home/bitcraze/bin/gcc-arm-none-eabi/bin/../lib/gcc/arm-none-eabi/4.9.3/../../../../arm-none-eabi/lib/armv6-m/libc_nano.a(lib_a-reent.o)
                0x0001b858                cleanup_glue
 *fill*         0x0001b872        0x2 
 .text._reclaim_reent
                0x0001b874       0xcc /home/bitcraze/bin/gcc-arm-none-eabi/bin/../lib/gcc/arm-none-eabi/4.9.3/../../../../arm-none-eabi/lib/armv6-m/libc_nano.a(lib_a-reent.o)
                0x0001b874                _reclaim_reent
 .text          0x0001b940        0x0 /home/bitcraze/bin/gcc-arm-none-eabi/bin/../lib/gcc/arm-none-eabi/4.9.3/../../../../arm-none-eabi/lib/armv6-m/libc_nano.a(lib_a-fstatr.o)
 .text._fstat_r
                0x0001b940       0x24 /home/bitcraze/bin/gcc-arm-none-eabi/bin/../lib/gcc/arm-none-eabi/4.9.3/../../../../arm-none-eabi/lib/armv6-m/libc_nano.a(lib_a-fstatr.o)
                0x0001b940                _fstat_r
 .text          0x0001b964        0x0 /home/bitcraze/bin/gcc-arm-none-eabi/bin/../lib/gcc/arm-none-eabi/4.9.3/../../../../arm-none-eabi/lib/armv6-m/libc_nano.a(lib_a-isattyr.o)
 .text._isatty_r
                0x0001b964       0x24 /home/bitcraze/bin/gcc-arm-none-eabi/bin/../lib/gcc/arm-none-eabi/4.9.3/../../../../arm-none-eabi/lib/armv6-m/libc_nano.a(lib_a-isattyr.o)
                0x0001b964                _isatty_r
 .text          0x0001b988        0x0 /home/bitcraze/bin/gcc-arm-none-eabi/bin/../lib/gcc/arm-none-eabi/4.9.3/../../../../arm-none-eabi/lib/armv6-m/libc_nano.a(lib_a-nano-msizer.o)
 .text._malloc_usable_size_r
                0x0001b988       0x16 /home/bitcraze/bin/gcc-arm-none-eabi/bin/../lib/gcc/arm-none-eabi/4.9.3/../../../../arm-none-eabi/lib/armv6-m/libc_nano.a(lib_a-nano-msizer.o)
                0x0001b988                _malloc_usable_size_r
 *fill*         0x0001b99e        0x2 
 .text          0x0001b9a0      0x120 /home/bitcraze/bin/gcc-arm-none-eabi/bin/../lib/gcc/arm-none-eabi/4.9.3/armv6-m/libgcc.a(_udivsi3.o)
                0x0001b9a0                __udivsi3
                0x0001b9a0                __aeabi_uidiv
                0x0001baac                __aeabi_uidivmod
 .text          0x0001bac0      0x1e0 /home/bitcraze/bin/gcc-arm-none-eabi/bin/../lib/gcc/arm-none-eabi/4.9.3/armv6-m/libgcc.a(_divsi3.o)
                0x0001bac0                __aeabi_idiv
                0x0001bac0                __divsi3
                0x0001bc8c                __aeabi_idivmod
 .text          0x0001bca0        0x4 /home/bitcraze/bin/gcc-arm-none-eabi/bin/../lib/gcc/arm-none-eabi/4.9.3/armv6-m/libgcc.a(_dvmd_tls.o)
                0x0001bca0                __aeabi_ldiv0
                0x0001bca0                __aeabi_idiv0
 .text          0x0001bca4        0x0 /home/bitcraze/bin/gcc-arm-none-eabi/bin/../lib/gcc/arm-none-eabi/4.9.3/armv6-m/crtend.o
 .text          0x0001bca4        0x0 /home/bitcraze/bin/gcc-arm-none-eabi/bin/../lib/gcc/arm-none-eabi/4.9.3/armv6-m/crtn.o
 .text          0x0001bca4        0x0 /home/bitcraze/bin/gcc-arm-none-eabi/bin/../lib/gcc/arm-none-eabi/4.9.3/../../../../arm-none-eabi/lib/armv6-m/libnosys.a(close.o)
 .text._close   0x0001bca4       0x10 /home/bitcraze/bin/gcc-arm-none-eabi/bin/../lib/gcc/arm-none-eabi/4.9.3/../../../../arm-none-eabi/lib/armv6-m/libnosys.a(close.o)
                0x0001bca4                _close
 .text          0x0001bcb4        0x0 /home/bitcraze/bin/gcc-arm-none-eabi/bin/../lib/gcc/arm-none-eabi/4.9.3/../../../../arm-none-eabi/lib/armv6-m/libnosys.a(fstat.o)
 .text._fstat   0x0001bcb4       0x10 /home/bitcraze/bin/gcc-arm-none-eabi/bin/../lib/gcc/arm-none-eabi/4.9.3/../../../../arm-none-eabi/lib/armv6-m/libnosys.a(fstat.o)
                0x0001bcb4                _fstat
 .text          0x0001bcc4        0x0 /home/bitcraze/bin/gcc-arm-none-eabi/bin/../lib/gcc/arm-none-eabi/4.9.3/../../../../arm-none-eabi/lib/armv6-m/libnosys.a(isatty.o)
 .text._isatty  0x0001bcc4       0x10 /home/bitcraze/bin/gcc-arm-none-eabi/bin/../lib/gcc/arm-none-eabi/4.9.3/../../../../arm-none-eabi/lib/armv6-m/libnosys.a(isatty.o)
                0x0001bcc4                _isatty
 .text          0x0001bcd4        0x0 /home/bitcraze/bin/gcc-arm-none-eabi/bin/../lib/gcc/arm-none-eabi/4.9.3/../../../../arm-none-eabi/lib/armv6-m/libnosys.a(lseek.o)
 .text._lseek   0x0001bcd4       0x10 /home/bitcraze/bin/gcc-arm-none-eabi/bin/../lib/gcc/arm-none-eabi/4.9.3/../../../../arm-none-eabi/lib/armv6-m/libnosys.a(lseek.o)
                0x0001bcd4                _lseek
 .text          0x0001bce4        0x0 /home/bitcraze/bin/gcc-arm-none-eabi/bin/../lib/gcc/arm-none-eabi/4.9.3/../../../../arm-none-eabi/lib/armv6-m/libnosys.a(read.o)
 .text._read    0x0001bce4       0x10 /home/bitcraze/bin/gcc-arm-none-eabi/bin/../lib/gcc/arm-none-eabi/4.9.3/../../../../arm-none-eabi/lib/armv6-m/libnosys.a(read.o)
                0x0001bce4                _read
 .text          0x0001bcf4        0x0 /home/bitcraze/bin/gcc-arm-none-eabi/bin/../lib/gcc/arm-none-eabi/4.9.3/../../../../arm-none-eabi/lib/armv6-m/libnosys.a(sbrk.o)
 .text._sbrk    0x0001bcf4       0x1c /home/bitcraze/bin/gcc-arm-none-eabi/bin/../lib/gcc/arm-none-eabi/4.9.3/../../../../arm-none-eabi/lib/armv6-m/libnosys.a(sbrk.o)
                0x0001bcf4                _sbrk
 .text          0x0001bd10        0x0 /home/bitcraze/bin/gcc-arm-none-eabi/bin/../lib/gcc/arm-none-eabi/4.9.3/../../../../arm-none-eabi/lib/armv6-m/libnosys.a(write.o)
 .text._write   0x0001bd10       0x10 /home/bitcraze/bin/gcc-arm-none-eabi/bin/../lib/gcc/arm-none-eabi/4.9.3/../../../../arm-none-eabi/lib/armv6-m/libnosys.a(write.o)
                0x0001bd10                _write
 .text          0x0001bd20        0x0 /home/bitcraze/bin/gcc-arm-none-eabi/bin/../lib/gcc/arm-none-eabi/4.9.3/../../../../arm-none-eabi/lib/armv6-m/libnosys.a(_exit.o)
 .text._exit    0x0001bd20        0x4 /home/bitcraze/bin/gcc-arm-none-eabi/bin/../lib/gcc/arm-none-eabi/4.9.3/../../../../arm-none-eabi/lib/armv6-m/libnosys.a(_exit.o)
                0x0001bd20                _exit
 *(.init)
 .init          0x0001bd24        0x4 /home/bitcraze/bin/gcc-arm-none-eabi/bin/../lib/gcc/arm-none-eabi/4.9.3/armv6-m/crti.o
                0x0001bd24                _init
 .init          0x0001bd28        0x8 /home/bitcraze/bin/gcc-arm-none-eabi/bin/../lib/gcc/arm-none-eabi/4.9.3/armv6-m/crtn.o
 *(.fini)
 .fini          0x0001bd30        0x4 /home/bitcraze/bin/gcc-arm-none-eabi/bin/../lib/gcc/arm-none-eabi/4.9.3/armv6-m/crti.o
                0x0001bd30                _fini
 .fini          0x0001bd34        0x8 /home/bitcraze/bin/gcc-arm-none-eabi/bin/../lib/gcc/arm-none-eabi/4.9.3/armv6-m/crtn.o
 *crtbegin.o(.ctors)
 *crtbegin?.o(.ctors)
 *(EXCLUDE_FILE(*crtend.o *crtend?.o) .ctors)
 *(SORT(.ctors.*))
 *(.ctors)
 *crtbegin.o(.dtors)
 *crtbegin?.o(.dtors)
 *(EXCLUDE_FILE(*crtend.o *crtend?.o) .dtors)
 *(SORT(.dtors.*))
 *(.dtors)
 *(.rodata*)
 .rodata        0x0001bd3c       0x90 src/main.o
 .rodata        0x0001bdcc       0x24 src/syslink.o
 .rodata        0x0001bdf0       0x14 src/pm.o
                0x0001bdf0                statesFunctions
 .rodata        0x0001be04       0x38 src/ds28e05.o
 .rodata        0x0001be3c       0x80 /home/bitcraze/bin/gcc-arm-none-eabi/bin/../lib/gcc/arm-none-eabi/4.9.3/armv6-m/libgcc.a(divsf3.o)
 .rodata        0x0001bebc       0x40 /home/bitcraze/bin/gcc-arm-none-eabi/bin/../lib/gcc/arm-none-eabi/4.9.3/armv6-m/libgcc.a(mulsf3.o)
 .rodata.str1.1
                0x0001befc        0x2 /home/bitcraze/bin/gcc-arm-none-eabi/bin/../lib/gcc/arm-none-eabi/4.9.3/../../../../arm-none-eabi/lib/armv6-m/libc_nano.a(lib_a-impure.o)
 *fill*         0x0001befe        0x2 
 .rodata._global_impure_ptr
                0x0001bf00        0x4 /home/bitcraze/bin/gcc-arm-none-eabi/bin/../lib/gcc/arm-none-eabi/4.9.3/../../../../arm-none-eabi/lib/armv6-m/libc_nano.a(lib_a-impure.o)
                0x0001bf00                _global_impure_ptr
 .rodata.__sf_fake_stdin
                0x0001bf04       0x20 /home/bitcraze/bin/gcc-arm-none-eabi/bin/../lib/gcc/arm-none-eabi/4.9.3/../../../../arm-none-eabi/lib/armv6-m/libc_nano.a(lib_a-findfp.o)
                0x0001bf04                __sf_fake_stdin
 .rodata.__sf_fake_stdout
                0x0001bf24       0x20 /home/bitcraze/bin/gcc-arm-none-eabi/bin/../lib/gcc/arm-none-eabi/4.9.3/../../../../arm-none-eabi/lib/armv6-m/libc_nano.a(lib_a-findfp.o)
                0x0001bf24                __sf_fake_stdout
 .rodata.__sf_fake_stderr
                0x0001bf44       0x20 /home/bitcraze/bin/gcc-arm-none-eabi/bin/../lib/gcc/arm-none-eabi/4.9.3/../../../../arm-none-eabi/lib/armv6-m/libc_nano.a(lib_a-findfp.o)
                0x0001bf44                __sf_fake_stderr
 .rodata.str1.1
                0x0001bf64       0x11 /home/bitcraze/bin/gcc-arm-none-eabi/bin/../lib/gcc/arm-none-eabi/4.9.3/../../../../arm-none-eabi/lib/armv6-m/libc_nano.a(lib_a-nano-vfprintf.o)
 .rodata.str1.1
                0x0001bf75       0x22 /home/bitcraze/bin/gcc-arm-none-eabi/bin/../lib/gcc/arm-none-eabi/4.9.3/../../../../arm-none-eabi/lib/armv6-m/libc_nano.a(lib_a-nano-vfprintf_i.o)
 *(.eh_frame*)
 *fill*         0x0001bf97        0x1 
 .eh_frame      0x0001bf98        0x0 /home/bitcraze/bin/gcc-arm-none-eabi/bin/../lib/gcc/arm-none-eabi/4.9.3/armv6-m/crtbegin.o
 .eh_frame      0x0001bf98        0x4 /home/bitcraze/bin/gcc-arm-none-eabi/bin/../lib/gcc/arm-none-eabi/4.9.3/armv6-m/crtend.o

.glue_7         0x0001bf9c        0x0
 .glue_7        0x00000000        0x0 linker stubs

.glue_7t        0x0001bf9c        0x0
 .glue_7t       0x00000000        0x0 linker stubs

.vfp11_veneer   0x0001bf9c        0x0
 .vfp11_veneer  0x00000000        0x0 linker stubs

.v4_bx          0x0001bf9c        0x0
 .v4_bx         0x00000000        0x0 linker stubs

.iplt           0x0001bf9c        0x0
 .iplt          0x00000000        0x0 /home/bitcraze/bin/gcc-arm-none-eabi/bin/../lib/gcc/arm-none-eabi/4.9.3/armv6-m/crtbegin.o

.ARM.extab      0x0001bf9c        0x0
 *(.ARM.extab* .gnu.linkonce.armextab.*)
 .ARM.extab     0x0001bf9c        0x0 /home/bitcraze/bin/gcc-arm-none-eabi/bin/../lib/gcc/arm-none-eabi/4.9.3/../../../../arm-none-eabi/lib/armv6-m/crt0.o
 .ARM.extab     0x0001bf9c        0x0 gcc_startup_nrf51.o
                0x0001bf9c                __exidx_start = .

.ARM.exidx      0x0001bf9c        0x8
 *(.ARM.exidx* .gnu.linkonce.armexidx.*)
 .ARM.exidx     0x0001bf9c        0x8 /home/bitcraze/bin/gcc-arm-none-eabi/bin/../lib/gcc/arm-none-eabi/4.9.3/../../../../arm-none-eabi/lib/armv6-m/crt0.o
 .ARM.exidx     0x0001bfa4        0x0 gcc_startup_nrf51.o
                                  0x8 (size before relaxing)
                0x0001bfa4                __exidx_end = .
                0x0001bfa4                __etext = .

.rel.dyn        0x0001bfa4        0x0
 .rel.iplt      0x00000000        0x0 /home/bitcraze/bin/gcc-arm-none-eabi/bin/../lib/gcc/arm-none-eabi/4.9.3/armv6-m/crtbegin.o

.data           0x20002000      0x1a4 load address 0x0001bfa4
                0x20002000                __data_start__ = .
 *(vtable)
 *(.data*)
 .data          0x20002000        0x0 /home/bitcraze/bin/gcc-arm-none-eabi/bin/../lib/gcc/arm-none-eabi/4.9.3/armv6-m/crti.o
 .data          0x20002000        0x4 /home/bitcraze/bin/gcc-arm-none-eabi/bin/../lib/gcc/arm-none-eabi/4.9.3/armv6-m/crtbegin.o
                0x20002000                __dso_handle
 .data          0x20002004        0x0 /home/bitcraze/bin/gcc-arm-none-eabi/bin/../lib/gcc/arm-none-eabi/4.9.3/../../../../arm-none-eabi/lib/armv6-m/crt0.o
 .data          0x20002004        0x0 src/main.o
 .data          0x20002004        0x0 gcc_startup_nrf51.o
 .data          0x20002004        0x4 system_nrf51.o
                0x20002004                SystemCoreClock
 .data          0x20002008        0x0 src/uart.o
 .data          0x20002008        0x0 src/syslink.o
 .data          0x20002008        0x0 src/pm.o
 .data          0x20002008        0x0 src/systick.o
 .data          0x20002008        0x0 src/button.o
 .data          0x20002008        0x0 src/swd.o
 .data          0x20002008        0x0 src/ow.o
 .data          0x20002008        0x0 src/ow/owlnk.o
 .data          0x20002008        0x0 src/ow/ownet.o
 .data          0x20002008        0x0 src/ow/owtran.o
 .data          0x20002008      0x120 src/ow/crcutil.o
 .data          0x20002128        0x0 src/ds2431.o
 .data          0x20002128        0x0 src/ds28e05.o
 .data          0x20002128        0xc src/esb.o
 .data          0x20002134        0x0 src/memory.o
 .data          0x20002134        0x0 /home/bitcraze/bin/gcc-arm-none-eabi/bin/../lib/gcc/arm-none-eabi/4.9.3/armv6-m/libgcc.a(divsf3.o)
 .data          0x20002134        0x0 /home/bitcraze/bin/gcc-arm-none-eabi/bin/../lib/gcc/arm-none-eabi/4.9.3/armv6-m/libgcc.a(mulsf3.o)
 .data          0x20002134        0x0 /home/bitcraze/bin/gcc-arm-none-eabi/bin/../lib/gcc/arm-none-eabi/4.9.3/armv6-m/libgcc.a(floatsisf.o)
 .data          0x20002134        0x0 /home/bitcraze/bin/gcc-arm-none-eabi/bin/../lib/gcc/arm-none-eabi/4.9.3/armv6-m/libgcc.a(_clzsi2.o)
 .data          0x20002134        0x0 /home/bitcraze/bin/gcc-arm-none-eabi/bin/../lib/gcc/arm-none-eabi/4.9.3/../../../../arm-none-eabi/lib/armv6-m/libc_nano.a(lib_a-bzero.o)
 .data          0x20002134        0x0 /home/bitcraze/bin/gcc-arm-none-eabi/bin/../lib/gcc/arm-none-eabi/4.9.3/../../../../arm-none-eabi/lib/armv6-m/libc_nano.a(lib_a-errno.o)
 .data          0x20002134        0x0 /home/bitcraze/bin/gcc-arm-none-eabi/bin/../lib/gcc/arm-none-eabi/4.9.3/../../../../arm-none-eabi/lib/armv6-m/libc_nano.a(lib_a-exit.o)
 .data          0x20002134        0x0 /home/bitcraze/bin/gcc-arm-none-eabi/bin/../lib/gcc/arm-none-eabi/4.9.3/../../../../arm-none-eabi/lib/armv6-m/libc_nano.a(lib_a-impure.o)
 .data.impure_data
                0x20002134       0x60 /home/bitcraze/bin/gcc-arm-none-eabi/bin/../lib/gcc/arm-none-eabi/4.9.3/../../../../arm-none-eabi/lib/armv6-m/libc_nano.a(lib_a-impure.o)
 .data._impure_ptr
                0x20002194        0x4 /home/bitcraze/bin/gcc-arm-none-eabi/bin/../lib/gcc/arm-none-eabi/4.9.3/../../../../arm-none-eabi/lib/armv6-m/libc_nano.a(lib_a-impure.o)
                0x20002194                _impure_ptr
 .data          0x20002198        0x0 /home/bitcraze/bin/gcc-arm-none-eabi/bin/../lib/gcc/arm-none-eabi/4.9.3/../../../../arm-none-eabi/lib/armv6-m/libc_nano.a(lib_a-init.o)
 .data          0x20002198        0x0 /home/bitcraze/bin/gcc-arm-none-eabi/bin/../lib/gcc/arm-none-eabi/4.9.3/../../../../arm-none-eabi/lib/armv6-m/libc_nano.a(lib_a-memcmp.o)
 .data          0x20002198        0x0 /home/bitcraze/bin/gcc-arm-none-eabi/bin/../lib/gcc/arm-none-eabi/4.9.3/../../../../arm-none-eabi/lib/armv6-m/libc_nano.a(lib_a-memcpy.o)
 .data          0x20002198        0x0 /home/bitcraze/bin/gcc-arm-none-eabi/bin/../lib/gcc/arm-none-eabi/4.9.3/../../../../arm-none-eabi/lib/armv6-m/libc_nano.a(lib_a-memset.o)
 .data          0x20002198        0x0 /home/bitcraze/bin/gcc-arm-none-eabi/bin/../lib/gcc/arm-none-eabi/4.9.3/../../../../arm-none-eabi/lib/armv6-m/libc_nano.a(lib_a-printf.o)
 .data          0x20002198        0x0 /home/bitcraze/bin/gcc-arm-none-eabi/bin/../lib/gcc/arm-none-eabi/4.9.3/../../../../arm-none-eabi/lib/armv6-m/libc_nano.a(lib_a-findfp.o)
 .data          0x20002198        0x0 /home/bitcraze/bin/gcc-arm-none-eabi/bin/../lib/gcc/arm-none-eabi/4.9.3/../../../../arm-none-eabi/lib/armv6-m/libc_nano.a(lib_a-fwalk.o)
 .data          0x20002198        0x0 /home/bitcraze/bin/gcc-arm-none-eabi/bin/../lib/gcc/arm-none-eabi/4.9.3/../../../../arm-none-eabi/lib/armv6-m/libc_nano.a(lib_a-nano-mallocr.o)
 .data          0x20002198        0x0 /home/bitcraze/bin/gcc-arm-none-eabi/bin/../lib/gcc/arm-none-eabi/4.9.3/../../../../arm-none-eabi/lib/armv6-m/libc_nano.a(lib_a-nano-vfprintf.o)
 .data          0x20002198        0x0 /home/bitcraze/bin/gcc-arm-none-eabi/bin/../lib/gcc/arm-none-eabi/4.9.3/../../../../arm-none-eabi/lib/armv6-m/libc_nano.a(lib_a-nano-vfprintf_i.o)
 .data          0x20002198        0x0 /home/bitcraze/bin/gcc-arm-none-eabi/bin/../lib/gcc/arm-none-eabi/4.9.3/../../../../arm-none-eabi/lib/armv6-m/libc_nano.a(lib_a-sbrkr.o)
 .data          0x20002198        0x0 /home/bitcraze/bin/gcc-arm-none-eabi/bin/../lib/gcc/arm-none-eabi/4.9.3/../../../../arm-none-eabi/lib/armv6-m/libc_nano.a(lib_a-stdio.o)
 .data          0x20002198        0x0 /home/bitcraze/bin/gcc-arm-none-eabi/bin/../lib/gcc/arm-none-eabi/4.9.3/../../../../arm-none-eabi/lib/armv6-m/libc_nano.a(lib_a-wbuf.o)
 .data          0x20002198        0x0 /home/bitcraze/bin/gcc-arm-none-eabi/bin/../lib/gcc/arm-none-eabi/4.9.3/../../../../arm-none-eabi/lib/armv6-m/libc_nano.a(lib_a-writer.o)
 .data          0x20002198        0x0 /home/bitcraze/bin/gcc-arm-none-eabi/bin/../lib/gcc/arm-none-eabi/4.9.3/../../../../arm-none-eabi/lib/armv6-m/libc_nano.a(lib_a-wsetup.o)
 .data          0x20002198        0x0 /home/bitcraze/bin/gcc-arm-none-eabi/bin/../lib/gcc/arm-none-eabi/4.9.3/../../../../arm-none-eabi/lib/armv6-m/libc_nano.a(lib_a-closer.o)
 .data          0x20002198        0x0 /home/bitcraze/bin/gcc-arm-none-eabi/bin/../lib/gcc/arm-none-eabi/4.9.3/../../../../arm-none-eabi/lib/armv6-m/libc_nano.a(lib_a-fflush.o)
 .data          0x20002198        0x0 /home/bitcraze/bin/gcc-arm-none-eabi/bin/../lib/gcc/arm-none-eabi/4.9.3/../../../../arm-none-eabi/lib/armv6-m/libc_nano.a(lib_a-fvwrite.o)
 .data          0x20002198        0x0 /home/bitcraze/bin/gcc-arm-none-eabi/bin/../lib/gcc/arm-none-eabi/4.9.3/../../../../arm-none-eabi/lib/armv6-m/libc_nano.a(lib_a-lseekr.o)
 .data          0x20002198        0x0 /home/bitcraze/bin/gcc-arm-none-eabi/bin/../lib/gcc/arm-none-eabi/4.9.3/../../../../arm-none-eabi/lib/armv6-m/libc_nano.a(lib_a-makebuf.o)
 .data          0x20002198        0x0 /home/bitcraze/bin/gcc-arm-none-eabi/bin/../lib/gcc/arm-none-eabi/4.9.3/../../../../arm-none-eabi/lib/armv6-m/libc_nano.a(lib_a-memchr.o)
 .data          0x20002198        0x0 /home/bitcraze/bin/gcc-arm-none-eabi/bin/../lib/gcc/arm-none-eabi/4.9.3/../../../../arm-none-eabi/lib/armv6-m/libc_nano.a(lib_a-memmove.o)
 .data          0x20002198        0x0 /home/bitcraze/bin/gcc-arm-none-eabi/bin/../lib/gcc/arm-none-eabi/4.9.3/../../../../arm-none-eabi/lib/armv6-m/libc_nano.a(lib_a-nano-freer.o)
 .data          0x20002198        0x0 /home/bitcraze/bin/gcc-arm-none-eabi/bin/../lib/gcc/arm-none-eabi/4.9.3/../../../../arm-none-eabi/lib/armv6-m/libc_nano.a(lib_a-nano-reallocr.o)
 .data          0x20002198        0x0 /home/bitcraze/bin/gcc-arm-none-eabi/bin/../lib/gcc/arm-none-eabi/4.9.3/../../../../arm-none-eabi/lib/armv6-m/libc_nano.a(lib_a-readr.o)
 .data          0x20002198        0x0 /home/bitcraze/bin/gcc-arm-none-eabi/bin/../lib/gcc/arm-none-eabi/4.9.3/../../../../arm-none-eabi/lib/armv6-m/libc_nano.a(lib_a-reent.o)
 .data          0x20002198        0x0 /home/bitcraze/bin/gcc-arm-none-eabi/bin/../lib/gcc/arm-none-eabi/4.9.3/../../../../arm-none-eabi/lib/armv6-m/libc_nano.a(lib_a-fstatr.o)
 .data          0x20002198        0x0 /home/bitcraze/bin/gcc-arm-none-eabi/bin/../lib/gcc/arm-none-eabi/4.9.3/../../../../arm-none-eabi/lib/armv6-m/libc_nano.a(lib_a-isattyr.o)
 .data          0x20002198        0x0 /home/bitcraze/bin/gcc-arm-none-eabi/bin/../lib/gcc/arm-none-eabi/4.9.3/../../../../arm-none-eabi/lib/armv6-m/libc_nano.a(lib_a-nano-msizer.o)
 .data          0x20002198        0x0 /home/bitcraze/bin/gcc-arm-none-eabi/bin/../lib/gcc/arm-none-eabi/4.9.3/armv6-m/libgcc.a(_udivsi3.o)
 .data          0x20002198        0x0 /home/bitcraze/bin/gcc-arm-none-eabi/bin/../lib/gcc/arm-none-eabi/4.9.3/armv6-m/libgcc.a(_divsi3.o)
 .data          0x20002198        0x0 /home/bitcraze/bin/gcc-arm-none-eabi/bin/../lib/gcc/arm-none-eabi/4.9.3/armv6-m/libgcc.a(_dvmd_tls.o)
 .data          0x20002198        0x0 /home/bitcraze/bin/gcc-arm-none-eabi/bin/../lib/gcc/arm-none-eabi/4.9.3/armv6-m/crtend.o
 .data          0x20002198        0x0 /home/bitcraze/bin/gcc-arm-none-eabi/bin/../lib/gcc/arm-none-eabi/4.9.3/armv6-m/crtn.o
 .data          0x20002198        0x0 /home/bitcraze/bin/gcc-arm-none-eabi/bin/../lib/gcc/arm-none-eabi/4.9.3/../../../../arm-none-eabi/lib/armv6-m/libnosys.a(close.o)
 .data          0x20002198        0x0 /home/bitcraze/bin/gcc-arm-none-eabi/bin/../lib/gcc/arm-none-eabi/4.9.3/../../../../arm-none-eabi/lib/armv6-m/libnosys.a(fstat.o)
 .data          0x20002198        0x0 /home/bitcraze/bin/gcc-arm-none-eabi/bin/../lib/gcc/arm-none-eabi/4.9.3/../../../../arm-none-eabi/lib/armv6-m/libnosys.a(isatty.o)
 .data          0x20002198        0x0 /home/bitcraze/bin/gcc-arm-none-eabi/bin/../lib/gcc/arm-none-eabi/4.9.3/../../../../arm-none-eabi/lib/armv6-m/libnosys.a(lseek.o)
 .data          0x20002198        0x0 /home/bitcraze/bin/gcc-arm-none-eabi/bin/../lib/gcc/arm-none-eabi/4.9.3/../../../../arm-none-eabi/lib/armv6-m/libnosys.a(read.o)
 .data          0x20002198        0x0 /home/bitcraze/bin/gcc-arm-none-eabi/bin/../lib/gcc/arm-none-eabi/4.9.3/../../../../arm-none-eabi/lib/armv6-m/libnosys.a(sbrk.o)
 .data          0x20002198        0x0 /home/bitcraze/bin/gcc-arm-none-eabi/bin/../lib/gcc/arm-none-eabi/4.9.3/../../../../arm-none-eabi/lib/armv6-m/libnosys.a(write.o)
 .data          0x20002198        0x0 /home/bitcraze/bin/gcc-arm-none-eabi/bin/../lib/gcc/arm-none-eabi/4.9.3/../../../../arm-none-eabi/lib/armv6-m/libnosys.a(_exit.o)
                0x20002198                . = ALIGN (0x4)
                0x20002198                PROVIDE (__preinit_array_start, .)
 *(.preinit_array)
                0x20002198                PROVIDE (__preinit_array_end, .)
                0x20002198                . = ALIGN (0x4)
                0x20002198                PROVIDE (__init_array_start, .)
 *(SORT(.init_array.*))
 *(.init_array)
 .init_array    0x20002198        0x4 /home/bitcraze/bin/gcc-arm-none-eabi/bin/../lib/gcc/arm-none-eabi/4.9.3/armv6-m/crtbegin.o
                0x2000219c                PROVIDE (__init_array_end, .)
                0x2000219c                . = ALIGN (0x4)
                0x2000219c                PROVIDE (__fini_array_start, .)
 *(SORT(.fini_array.*))
 *(.fini_array)
 .fini_array    0x2000219c        0x4 /home/bitcraze/bin/gcc-arm-none-eabi/bin/../lib/gcc/arm-none-eabi/4.9.3/armv6-m/crtbegin.o
                0x200021a0                PROVIDE (__fini_array_end, .)
 *(.jcr)
 .jcr           0x200021a0        0x0 /home/bitcraze/bin/gcc-arm-none-eabi/bin/../lib/gcc/arm-none-eabi/4.9.3/armv6-m/crtbegin.o
 .jcr           0x200021a0        0x4 /home/bitcraze/bin/gcc-arm-none-eabi/bin/../lib/gcc/arm-none-eabi/4.9.3/armv6-m/crtend.o
                0x200021a4                . = ALIGN (0x4)
                0x200021a4                __data_end__ = .

.igot.plt       0x200021a4        0x0 load address 0x0001c148
 .igot.plt      0x00000000        0x0 /home/bitcraze/bin/gcc-arm-none-eabi/bin/../lib/gcc/arm-none-eabi/4.9.3/armv6-m/crtbegin.o

.bss            0x200021a4      0x940 load address 0x0001c148
                0x200021a4                . = ALIGN (0x4)
                0x200021a4                __bss_start__ = .
 *(.bss*)
 .bss           0x200021a4        0x0 /home/bitcraze/bin/gcc-arm-none-eabi/bin/../lib/gcc/arm-none-eabi/4.9.3/armv6-m/crti.o
 .bss           0x200021a4       0x1c /home/bitcraze/bin/gcc-arm-none-eabi/bin/../lib/gcc/arm-none-eabi/4.9.3/armv6-m/crtbegin.o
 .bss           0x200021c0        0x0 /home/bitcraze/bin/gcc-arm-none-eabi/bin/../lib/gcc/arm-none-eabi/4.9.3/../../../../arm-none-eabi/lib/armv6-m/crt0.o
 .bss           0x200021c0       0xac src/main.o
 .bss           0x2000226c        0x0 gcc_startup_nrf51.o
 .bss           0x2000226c        0x0 system_nrf51.o
 .bss           0x2000226c       0x98 src/uart.o
                0x20002300                error
 .bss           0x20002304       0x10 src/syslink.o
 .bss           0x20002314       0x14 src/pm.o
 .bss           0x20002328        0x4 src/systick.o
 .bss           0x2000232c       0x10 src/button.o
 .bss           0x2000233c        0x0 src/swd.o
 .bss           0x2000233c        0x0 src/ow.o
 .bss           0x2000233c        0x8 src/ow/owlnk.o
 .bss           0x20002344       0xc0 src/ow/ownet.o
 .bss           0x20002404        0x0 src/ow/owtran.o
 .bss           0x20002404        0x0 src/ow/crcutil.o
 .bss           0x20002404        0x0 src/ds2431.o
 .bss           0x20002404        0x0 src/ds28e05.o
 .bss           0x20002404      0x5d0 src/esb.o
 .bss           0x200029d4        0x8 src/memory.o
 .bss           0x200029dc        0x0 /home/bitcraze/bin/gcc-arm-none-eabi/bin/../lib/gcc/arm-none-eabi/4.9.3/armv6-m/libgcc.a(divsf3.o)
 .bss           0x200029dc        0x0 /home/bitcraze/bin/gcc-arm-none-eabi/bin/../lib/gcc/arm-none-eabi/4.9.3/armv6-m/libgcc.a(mulsf3.o)
 .bss           0x200029dc        0x0 /home/bitcraze/bin/gcc-arm-none-eabi/bin/../lib/gcc/arm-none-eabi/4.9.3/armv6-m/libgcc.a(floatsisf.o)
 .bss           0x200029dc        0x0 /home/bitcraze/bin/gcc-arm-none-eabi/bin/../lib/gcc/arm-none-eabi/4.9.3/armv6-m/libgcc.a(_clzsi2.o)
 .bss           0x200029dc        0x0 /home/bitcraze/bin/gcc-arm-none-eabi/bin/../lib/gcc/arm-none-eabi/4.9.3/../../../../arm-none-eabi/lib/armv6-m/libc_nano.a(lib_a-bzero.o)
 .bss           0x200029dc        0x0 /home/bitcraze/bin/gcc-arm-none-eabi/bin/../lib/gcc/arm-none-eabi/4.9.3/../../../../arm-none-eabi/lib/armv6-m/libc_nano.a(lib_a-errno.o)
 .bss           0x200029dc        0x0 /home/bitcraze/bin/gcc-arm-none-eabi/bin/../lib/gcc/arm-none-eabi/4.9.3/../../../../arm-none-eabi/lib/armv6-m/libc_nano.a(lib_a-exit.o)
 .bss           0x200029dc        0x0 /home/bitcraze/bin/gcc-arm-none-eabi/bin/../lib/gcc/arm-none-eabi/4.9.3/../../../../arm-none-eabi/lib/armv6-m/libc_nano.a(lib_a-impure.o)
 .bss           0x200029dc        0x0 /home/bitcraze/bin/gcc-arm-none-eabi/bin/../lib/gcc/arm-none-eabi/4.9.3/../../../../arm-none-eabi/lib/armv6-m/libc_nano.a(lib_a-init.o)
 .bss           0x200029dc        0x0 /home/bitcraze/bin/gcc-arm-none-eabi/bin/../lib/gcc/arm-none-eabi/4.9.3/../../../../arm-none-eabi/lib/armv6-m/libc_nano.a(lib_a-memcmp.o)
 .bss           0x200029dc        0x0 /home/bitcraze/bin/gcc-arm-none-eabi/bin/../lib/gcc/arm-none-eabi/4.9.3/../../../../arm-none-eabi/lib/armv6-m/libc_nano.a(lib_a-memcpy.o)
 .bss           0x200029dc        0x0 /home/bitcraze/bin/gcc-arm-none-eabi/bin/../lib/gcc/arm-none-eabi/4.9.3/../../../../arm-none-eabi/lib/armv6-m/libc_nano.a(lib_a-memset.o)
 .bss           0x200029dc        0x0 /home/bitcraze/bin/gcc-arm-none-eabi/bin/../lib/gcc/arm-none-eabi/4.9.3/../../../../arm-none-eabi/lib/armv6-m/libc_nano.a(lib_a-printf.o)
 .bss           0x200029dc        0x0 /home/bitcraze/bin/gcc-arm-none-eabi/bin/../lib/gcc/arm-none-eabi/4.9.3/../../../../arm-none-eabi/lib/armv6-m/libc_nano.a(lib_a-findfp.o)
 .bss           0x200029dc        0x0 /home/bitcraze/bin/gcc-arm-none-eabi/bin/../lib/gcc/arm-none-eabi/4.9.3/../../../../arm-none-eabi/lib/armv6-m/libc_nano.a(lib_a-fwalk.o)
 .bss           0x200029dc        0x0 /home/bitcraze/bin/gcc-arm-none-eabi/bin/../lib/gcc/arm-none-eabi/4.9.3/../../../../arm-none-eabi/lib/armv6-m/libc_nano.a(lib_a-nano-mallocr.o)
 .bss.__malloc_sbrk_start
                0x200029dc        0x4 /home/bitcraze/bin/gcc-arm-none-eabi/bin/../lib/gcc/arm-none-eabi/4.9.3/../../../../arm-none-eabi/lib/armv6-m/libc_nano.a(lib_a-nano-mallocr.o)
                0x200029dc                __malloc_sbrk_start
 .bss.__malloc_free_list
                0x200029e0        0x4 /home/bitcraze/bin/gcc-arm-none-eabi/bin/../lib/gcc/arm-none-eabi/4.9.3/../../../../arm-none-eabi/lib/armv6-m/libc_nano.a(lib_a-nano-mallocr.o)
                0x200029e0                __malloc_free_list
 .bss           0x200029e4        0x0 /home/bitcraze/bin/gcc-arm-none-eabi/bin/../lib/gcc/arm-none-eabi/4.9.3/../../../../arm-none-eabi/lib/armv6-m/libc_nano.a(lib_a-nano-vfprintf.o)
 .bss           0x200029e4        0x0 /home/bitcraze/bin/gcc-arm-none-eabi/bin/../lib/gcc/arm-none-eabi/4.9.3/../../../../arm-none-eabi/lib/armv6-m/libc_nano.a(lib_a-nano-vfprintf_i.o)
 .bss           0x200029e4        0x0 /home/bitcraze/bin/gcc-arm-none-eabi/bin/../lib/gcc/arm-none-eabi/4.9.3/../../../../arm-none-eabi/lib/armv6-m/libc_nano.a(lib_a-sbrkr.o)
 .bss           0x200029e4        0x0 /home/bitcraze/bin/gcc-arm-none-eabi/bin/../lib/gcc/arm-none-eabi/4.9.3/../../../../arm-none-eabi/lib/armv6-m/libc_nano.a(lib_a-stdio.o)
 .bss           0x200029e4        0x0 /home/bitcraze/bin/gcc-arm-none-eabi/bin/../lib/gcc/arm-none-eabi/4.9.3/../../../../arm-none-eabi/lib/armv6-m/libc_nano.a(lib_a-wbuf.o)
 .bss           0x200029e4        0x0 /home/bitcraze/bin/gcc-arm-none-eabi/bin/../lib/gcc/arm-none-eabi/4.9.3/../../../../arm-none-eabi/lib/armv6-m/libc_nano.a(lib_a-writer.o)
 .bss           0x200029e4        0x0 /home/bitcraze/bin/gcc-arm-none-eabi/bin/../lib/gcc/arm-none-eabi/4.9.3/../../../../arm-none-eabi/lib/armv6-m/libc_nano.a(lib_a-wsetup.o)
 .bss           0x200029e4        0x0 /home/bitcraze/bin/gcc-arm-none-eabi/bin/../lib/gcc/arm-none-eabi/4.9.3/../../../../arm-none-eabi/lib/armv6-m/libc_nano.a(lib_a-closer.o)
 .bss           0x200029e4        0x0 /home/bitcraze/bin/gcc-arm-none-eabi/bin/../lib/gcc/arm-none-eabi/4.9.3/../../../../arm-none-eabi/lib/armv6-m/libc_nano.a(lib_a-fflush.o)
 .bss           0x200029e4        0x0 /home/bitcraze/bin/gcc-arm-none-eabi/bin/../lib/gcc/arm-none-eabi/4.9.3/../../../../arm-none-eabi/lib/armv6-m/libc_nano.a(lib_a-fvwrite.o)
 .bss           0x200029e4        0x0 /home/bitcraze/bin/gcc-arm-none-eabi/bin/../lib/gcc/arm-none-eabi/4.9.3/../../../../arm-none-eabi/lib/armv6-m/libc_nano.a(lib_a-lseekr.o)
 .bss           0x200029e4        0x0 /home/bitcraze/bin/gcc-arm-none-eabi/bin/../lib/gcc/arm-none-eabi/4.9.3/../../../../arm-none-eabi/lib/armv6-m/libc_nano.a(lib_a-makebuf.o)
 .bss           0x200029e4        0x0 /home/bitcraze/bin/gcc-arm-none-eabi/bin/../lib/gcc/arm-none-eabi/4.9.3/../../../../arm-none-eabi/lib/armv6-m/libc_nano.a(lib_a-memchr.o)
 .bss           0x200029e4        0x0 /home/bitcraze/bin/gcc-arm-none-eabi/bin/../lib/gcc/arm-none-eabi/4.9.3/../../../../arm-none-eabi/lib/armv6-m/libc_nano.a(lib_a-memmove.o)
 .bss           0x200029e4        0x0 /home/bitcraze/bin/gcc-arm-none-eabi/bin/../lib/gcc/arm-none-eabi/4.9.3/../../../../arm-none-eabi/lib/armv6-m/libc_nano.a(lib_a-nano-freer.o)
 .bss           0x200029e4        0x0 /home/bitcraze/bin/gcc-arm-none-eabi/bin/../lib/gcc/arm-none-eabi/4.9.3/../../../../arm-none-eabi/lib/armv6-m/libc_nano.a(lib_a-nano-reallocr.o)
 .bss           0x200029e4        0x0 /home/bitcraze/bin/gcc-arm-none-eabi/bin/../lib/gcc/arm-none-eabi/4.9.3/../../../../arm-none-eabi/lib/armv6-m/libc_nano.a(lib_a-readr.o)
 .bss           0x200029e4        0x0 /home/bitcraze/bin/gcc-arm-none-eabi/bin/../lib/gcc/arm-none-eabi/4.9.3/../../../../arm-none-eabi/lib/armv6-m/libc_nano.a(lib_a-reent.o)
 .bss           0x200029e4        0x0 /home/bitcraze/bin/gcc-arm-none-eabi/bin/../lib/gcc/arm-none-eabi/4.9.3/../../../../arm-none-eabi/lib/armv6-m/libc_nano.a(lib_a-fstatr.o)
 .bss           0x200029e4        0x0 /home/bitcraze/bin/gcc-arm-none-eabi/bin/../lib/gcc/arm-none-eabi/4.9.3/../../../../arm-none-eabi/lib/armv6-m/libc_nano.a(lib_a-isattyr.o)
 .bss           0x200029e4        0x0 /home/bitcraze/bin/gcc-arm-none-eabi/bin/../lib/gcc/arm-none-eabi/4.9.3/../../../../arm-none-eabi/lib/armv6-m/libc_nano.a(lib_a-nano-msizer.o)
 .bss           0x200029e4        0x0 /home/bitcraze/bin/gcc-arm-none-eabi/bin/../lib/gcc/arm-none-eabi/4.9.3/armv6-m/libgcc.a(_udivsi3.o)
 .bss           0x200029e4        0x0 /home/bitcraze/bin/gcc-arm-none-eabi/bin/../lib/gcc/arm-none-eabi/4.9.3/armv6-m/libgcc.a(_divsi3.o)
 .bss           0x200029e4        0x0 /home/bitcraze/bin/gcc-arm-none-eabi/bin/../lib/gcc/arm-none-eabi/4.9.3/armv6-m/libgcc.a(_dvmd_tls.o)
 .bss           0x200029e4        0x0 /home/bitcraze/bin/gcc-arm-none-eabi/bin/../lib/gcc/arm-none-eabi/4.9.3/armv6-m/crtend.o
 .bss           0x200029e4        0x0 /home/bitcraze/bin/gcc-arm-none-eabi/bin/../lib/gcc/arm-none-eabi/4.9.3/armv6-m/crtn.o
 .bss           0x200029e4        0x0 /home/bitcraze/bin/gcc-arm-none-eabi/bin/../lib/gcc/arm-none-eabi/4.9.3/../../../../arm-none-eabi/lib/armv6-m/libnosys.a(close.o)
 .bss           0x200029e4        0x0 /home/bitcraze/bin/gcc-arm-none-eabi/bin/../lib/gcc/arm-none-eabi/4.9.3/../../../../arm-none-eabi/lib/armv6-m/libnosys.a(fstat.o)
 .bss           0x200029e4        0x0 /home/bitcraze/bin/gcc-arm-none-eabi/bin/../lib/gcc/arm-none-eabi/4.9.3/../../../../arm-none-eabi/lib/armv6-m/libnosys.a(isatty.o)
 .bss           0x200029e4        0x0 /home/bitcraze/bin/gcc-arm-none-eabi/bin/../lib/gcc/arm-none-eabi/4.9.3/../../../../arm-none-eabi/lib/armv6-m/libnosys.a(lseek.o)
 .bss           0x200029e4        0x0 /home/bitcraze/bin/gcc-arm-none-eabi/bin/../lib/gcc/arm-none-eabi/4.9.3/../../../../arm-none-eabi/lib/armv6-m/libnosys.a(read.o)
 .bss           0x200029e4        0x0 /home/bitcraze/bin/gcc-arm-none-eabi/bin/../lib/gcc/arm-none-eabi/4.9.3/../../../../arm-none-eabi/lib/armv6-m/libnosys.a(sbrk.o)
 .bss.heap_end.4079
                0x200029e4        0x4 /home/bitcraze/bin/gcc-arm-none-eabi/bin/../lib/gcc/arm-none-eabi/4.9.3/../../../../arm-none-eabi/lib/armv6-m/libnosys.a(sbrk.o)
 .bss           0x200029e8        0x0 /home/bitcraze/bin/gcc-arm-none-eabi/bin/../lib/gcc/arm-none-eabi/4.9.3/../../../../arm-none-eabi/lib/armv6-m/libnosys.a(write.o)
 .bss           0x200029e8        0x0 /home/bitcraze/bin/gcc-arm-none-eabi/bin/../lib/gcc/arm-none-eabi/4.9.3/../../../../arm-none-eabi/lib/armv6-m/libnosys.a(_exit.o)
 *(COMMON)
 COMMON         0x200029e8       0x47 src/swd.o
                0x200029e8                rx_data
                0x20002a0c                tx_data
 *fill*         0x20002a2f        0x1 
 COMMON         0x20002a30       0x80 src/ow/ownet.o
                0x20002a30                SerialNum
 COMMON         0x20002ab0       0x30 src/ow/crcutil.o
                0x20002ab0                utilcrc8
                0x20002ac0                utilcrc16
 COMMON         0x20002ae0        0x4 /home/bitcraze/bin/gcc-arm-none-eabi/bin/../lib/gcc/arm-none-eabi/4.9.3/../../../../arm-none-eabi/lib/armv6-m/libc_nano.a(lib_a-reent.o)
                0x20002ae0                errno
                0x20002ae4                . = ALIGN (0x4)
                0x20002ae4                __bss_end__ = .

.heap           0x20002ae8       0x80
                0x20002ae8                __end__ = .
                0x20002ae8                end = __end__
 *(.heap*)
 .heap          0x20002ae8       0x80 gcc_startup_nrf51.o
                0x20002ae8                __HeapBase
                0x20002b68                __HeapLimit = .

.stack_dummy    0x20002ae8      0x800
 *(.stack*)
 .stack         0x20002ae8      0x800 gcc_startup_nrf51.o
                0x20004000                __StackTop = (ORIGIN (RAM) + 0x2000)
                0x20003800                __StackLimit = (__StackTop - SIZEOF (.stack_dummy))
                0x20004000                PROVIDE (__stack, __StackTop)
                0x00000001                ASSERT ((__StackLimit >= __HeapLimit), region RAM overflowed with stack)
OUTPUT(cf2_nrf.elf elf32-littlearm)

.ARM.attributes
                0x00000000       0x28
 .ARM.attributes
                0x00000000       0x1e /home/bitcraze/bin/gcc-arm-none-eabi/bin/../lib/gcc/arm-none-eabi/4.9.3/armv6-m/crti.o
 .ARM.attributes
                0x0000001e       0x2c /home/bitcraze/bin/gcc-arm-none-eabi/bin/../lib/gcc/arm-none-eabi/4.9.3/armv6-m/crtbegin.o
 .ARM.attributes
                0x0000004a       0x1b /home/bitcraze/bin/gcc-arm-none-eabi/bin/../lib/gcc/arm-none-eabi/4.9.3/../../../../arm-none-eabi/lib/armv6-m/crt0.o
 .ARM.attributes
                0x00000065       0x2d src/main.o
 .ARM.attributes
                0x00000092       0x1b gcc_startup_nrf51.o
 .ARM.attributes
                0x000000ad       0x2d system_nrf51.o
 .ARM.attributes
                0x000000da       0x2d src/uart.o
 .ARM.attributes
                0x00000107       0x2d src/syslink.o
 .ARM.attributes
                0x00000134       0x2d src/pm.o
 .ARM.attributes
                0x00000161       0x2d src/systick.o
 .ARM.attributes
                0x0000018e       0x2d src/button.o
 .ARM.attributes
                0x000001bb       0x2d src/swd.o
 .ARM.attributes
                0x000001e8       0x2d src/ow.o
 .ARM.attributes
                0x00000215       0x2d src/ow/owlnk.o
 .ARM.attributes
                0x00000242       0x2d src/ow/ownet.o
 .ARM.attributes
                0x0000026f       0x2d src/ow/owtran.o
 .ARM.attributes
                0x0000029c       0x2d src/ow/crcutil.o
 .ARM.attributes
                0x000002c9       0x2d src/ds2431.o
 .ARM.attributes
                0x000002f6       0x2d src/ds28e05.o
 .ARM.attributes
                0x00000323       0x2d src/esb.o
 .ARM.attributes
                0x00000350       0x2d src/memory.o
 .ARM.attributes
                0x0000037d       0x2c /home/bitcraze/bin/gcc-arm-none-eabi/bin/../lib/gcc/arm-none-eabi/4.9.3/armv6-m/libgcc.a(divsf3.o)
 .ARM.attributes
                0x000003a9       0x2c /home/bitcraze/bin/gcc-arm-none-eabi/bin/../lib/gcc/arm-none-eabi/4.9.3/armv6-m/libgcc.a(mulsf3.o)
 .ARM.attributes
                0x000003d5       0x2c /home/bitcraze/bin/gcc-arm-none-eabi/bin/../lib/gcc/arm-none-eabi/4.9.3/armv6-m/libgcc.a(floatsisf.o)
 .ARM.attributes
                0x00000401       0x1e /home/bitcraze/bin/gcc-arm-none-eabi/bin/../lib/gcc/arm-none-eabi/4.9.3/armv6-m/libgcc.a(_clzsi2.o)
 .ARM.attributes
                0x0000041f       0x2c /home/bitcraze/bin/gcc-arm-none-eabi/bin/../lib/gcc/arm-none-eabi/4.9.3/../../../../arm-none-eabi/lib/armv6-m/libc_nano.a(lib_a-bzero.o)
 .ARM.attributes
                0x0000044b       0x2c /home/bitcraze/bin/gcc-arm-none-eabi/bin/../lib/gcc/arm-none-eabi/4.9.3/../../../../arm-none-eabi/lib/armv6-m/libc_nano.a(lib_a-errno.o)
 .ARM.attributes
                0x00000477       0x2c /home/bitcraze/bin/gcc-arm-none-eabi/bin/../lib/gcc/arm-none-eabi/4.9.3/../../../../arm-none-eabi/lib/armv6-m/libc_nano.a(lib_a-exit.o)
 .ARM.attributes
                0x000004a3       0x2c /home/bitcraze/bin/gcc-arm-none-eabi/bin/../lib/gcc/arm-none-eabi/4.9.3/../../../../arm-none-eabi/lib/armv6-m/libc_nano.a(lib_a-impure.o)
 .ARM.attributes
                0x000004cf       0x2c /home/bitcraze/bin/gcc-arm-none-eabi/bin/../lib/gcc/arm-none-eabi/4.9.3/../../../../arm-none-eabi/lib/armv6-m/libc_nano.a(lib_a-init.o)
 .ARM.attributes
                0x000004fb       0x2c /home/bitcraze/bin/gcc-arm-none-eabi/bin/../lib/gcc/arm-none-eabi/4.9.3/../../../../arm-none-eabi/lib/armv6-m/libc_nano.a(lib_a-memcmp.o)
 .ARM.attributes
                0x00000527       0x2c /home/bitcraze/bin/gcc-arm-none-eabi/bin/../lib/gcc/arm-none-eabi/4.9.3/../../../../arm-none-eabi/lib/armv6-m/libc_nano.a(lib_a-memcpy.o)
 .ARM.attributes
                0x00000553       0x2c /home/bitcraze/bin/gcc-arm-none-eabi/bin/../lib/gcc/arm-none-eabi/4.9.3/../../../../arm-none-eabi/lib/armv6-m/libc_nano.a(lib_a-memset.o)
 .ARM.attributes
                0x0000057f       0x2c /home/bitcraze/bin/gcc-arm-none-eabi/bin/../lib/gcc/arm-none-eabi/4.9.3/../../../../arm-none-eabi/lib/armv6-m/libc_nano.a(lib_a-printf.o)
 .ARM.attributes
                0x000005ab       0x2c /home/bitcraze/bin/gcc-arm-none-eabi/bin/../lib/gcc/arm-none-eabi/4.9.3/../../../../arm-none-eabi/lib/armv6-m/libc_nano.a(lib_a-findfp.o)
 .ARM.attributes
                0x000005d7       0x2c /home/bitcraze/bin/gcc-arm-none-eabi/bin/../lib/gcc/arm-none-eabi/4.9.3/../../../../arm-none-eabi/lib/armv6-m/libc_nano.a(lib_a-fwalk.o)
 .ARM.attributes
                0x00000603       0x2c /home/bitcraze/bin/gcc-arm-none-eabi/bin/../lib/gcc/arm-none-eabi/4.9.3/../../../../arm-none-eabi/lib/armv6-m/libc_nano.a(lib_a-nano-mallocr.o)
 .ARM.attributes
                0x0000062f       0x2c /home/bitcraze/bin/gcc-arm-none-eabi/bin/../lib/gcc/arm-none-eabi/4.9.3/../../../../arm-none-eabi/lib/armv6-m/libc_nano.a(lib_a-nano-vfprintf.o)
 .ARM.attributes
                0x0000065b       0x2c /home/bitcraze/bin/gcc-arm-none-eabi/bin/../lib/gcc/arm-none-eabi/4.9.3/../../../../arm-none-eabi/lib/armv6-m/libc_nano.a(lib_a-nano-vfprintf_i.o)
 .ARM.attributes
                0x00000687       0x2c /home/bitcraze/bin/gcc-arm-none-eabi/bin/../lib/gcc/arm-none-eabi/4.9.3/../../../../arm-none-eabi/lib/armv6-m/libc_nano.a(lib_a-sbrkr.o)
 .ARM.attributes
                0x000006b3       0x2c /home/bitcraze/bin/gcc-arm-none-eabi/bin/../lib/gcc/arm-none-eabi/4.9.3/../../../../arm-none-eabi/lib/armv6-m/libc_nano.a(lib_a-stdio.o)
 .ARM.attributes
                0x000006df       0x2c /home/bitcraze/bin/gcc-arm-none-eabi/bin/../lib/gcc/arm-none-eabi/4.9.3/../../../../arm-none-eabi/lib/armv6-m/libc_nano.a(lib_a-wbuf.o)
 .ARM.attributes
                0x0000070b       0x2c /home/bitcraze/bin/gcc-arm-none-eabi/bin/../lib/gcc/arm-none-eabi/4.9.3/../../../../arm-none-eabi/lib/armv6-m/libc_nano.a(lib_a-writer.o)
 .ARM.attributes
                0x00000737       0x2c /home/bitcraze/bin/gcc-arm-none-eabi/bin/../lib/gcc/arm-none-eabi/4.9.3/../../../../arm-none-eabi/lib/armv6-m/libc_nano.a(lib_a-wsetup.o)
 .ARM.attributes
                0x00000763       0x2c /home/bitcraze/bin/gcc-arm-none-eabi/bin/../lib/gcc/arm-none-eabi/4.9.3/../../../../arm-none-eabi/lib/armv6-m/libc_nano.a(lib_a-closer.o)
 .ARM.attributes
                0x0000078f       0x2c /home/bitcraze/bin/gcc-arm-none-eabi/bin/../lib/gcc/arm-none-eabi/4.9.3/../../../../arm-none-eabi/lib/armv6-m/libc_nano.a(lib_a-fflush.o)
 .ARM.attributes
                0x000007bb       0x2c /home/bitcraze/bin/gcc-arm-none-eabi/bin/../lib/gcc/arm-none-eabi/4.9.3/../../../../arm-none-eabi/lib/armv6-m/libc_nano.a(lib_a-fvwrite.o)
 .ARM.attributes
                0x000007e7       0x2c /home/bitcraze/bin/gcc-arm-none-eabi/bin/../lib/gcc/arm-none-eabi/4.9.3/../../../../arm-none-eabi/lib/armv6-m/libc_nano.a(lib_a-lseekr.o)
 .ARM.attributes
                0x00000813       0x2c /home/bitcraze/bin/gcc-arm-none-eabi/bin/../lib/gcc/arm-none-eabi/4.9.3/../../../../arm-none-eabi/lib/armv6-m/libc_nano.a(lib_a-makebuf.o)
 .ARM.attributes
                0x0000083f       0x2c /home/bitcraze/bin/gcc-arm-none-eabi/bin/../lib/gcc/arm-none-eabi/4.9.3/../../../../arm-none-eabi/lib/armv6-m/libc_nano.a(lib_a-memchr.o)
 .ARM.attributes
                0x0000086b       0x2c /home/bitcraze/bin/gcc-arm-none-eabi/bin/../lib/gcc/arm-none-eabi/4.9.3/../../../../arm-none-eabi/lib/armv6-m/libc_nano.a(lib_a-memmove.o)
 .ARM.attributes
                0x00000897       0x2c /home/bitcraze/bin/gcc-arm-none-eabi/bin/../lib/gcc/arm-none-eabi/4.9.3/../../../../arm-none-eabi/lib/armv6-m/libc_nano.a(lib_a-nano-freer.o)
 .ARM.attributes
                0x000008c3       0x2c /home/bitcraze/bin/gcc-arm-none-eabi/bin/../lib/gcc/arm-none-eabi/4.9.3/../../../../arm-none-eabi/lib/armv6-m/libc_nano.a(lib_a-nano-reallocr.o)
 .ARM.attributes
                0x000008ef       0x2c /home/bitcraze/bin/gcc-arm-none-eabi/bin/../lib/gcc/arm-none-eabi/4.9.3/../../../../arm-none-eabi/lib/armv6-m/libc_nano.a(lib_a-readr.o)
 .ARM.attributes
                0x0000091b       0x2c /home/bitcraze/bin/gcc-arm-none-eabi/bin/../lib/gcc/arm-none-eabi/4.9.3/../../../../arm-none-eabi/lib/armv6-m/libc_nano.a(lib_a-reent.o)
 .ARM.attributes
                0x00000947       0x2c /home/bitcraze/bin/gcc-arm-none-eabi/bin/../lib/gcc/arm-none-eabi/4.9.3/../../../../arm-none-eabi/lib/armv6-m/libc_nano.a(lib_a-fstatr.o)
 .ARM.attributes
                0x00000973       0x2c /home/bitcraze/bin/gcc-arm-none-eabi/bin/../lib/gcc/arm-none-eabi/4.9.3/../../../../arm-none-eabi/lib/armv6-m/libc_nano.a(lib_a-isattyr.o)
 .ARM.attributes
                0x0000099f       0x2c /home/bitcraze/bin/gcc-arm-none-eabi/bin/../lib/gcc/arm-none-eabi/4.9.3/../../../../arm-none-eabi/lib/armv6-m/libc_nano.a(lib_a-nano-msizer.o)
 .ARM.attributes
                0x000009cb       0x1e /home/bitcraze/bin/gcc-arm-none-eabi/bin/../lib/gcc/arm-none-eabi/4.9.3/armv6-m/libgcc.a(_udivsi3.o)
 .ARM.attributes
                0x000009e9       0x1e /home/bitcraze/bin/gcc-arm-none-eabi/bin/../lib/gcc/arm-none-eabi/4.9.3/armv6-m/libgcc.a(_divsi3.o)
 .ARM.attributes
                0x00000a07       0x1e /home/bitcraze/bin/gcc-arm-none-eabi/bin/../lib/gcc/arm-none-eabi/4.9.3/armv6-m/libgcc.a(_dvmd_tls.o)
 .ARM.attributes
                0x00000a25       0x2c /home/bitcraze/bin/gcc-arm-none-eabi/bin/../lib/gcc/arm-none-eabi/4.9.3/armv6-m/crtend.o
 .ARM.attributes
                0x00000a51       0x1e /home/bitcraze/bin/gcc-arm-none-eabi/bin/../lib/gcc/arm-none-eabi/4.9.3/armv6-m/crtn.o
 .ARM.attributes
                0x00000a6f       0x2c /home/bitcraze/bin/gcc-arm-none-eabi/bin/../lib/gcc/arm-none-eabi/4.9.3/../../../../arm-none-eabi/lib/armv6-m/libnosys.a(close.o)
 .ARM.attributes
                0x00000a9b       0x2c /home/bitcraze/bin/gcc-arm-none-eabi/bin/../lib/gcc/arm-none-eabi/4.9.3/../../../../arm-none-eabi/lib/armv6-m/libnosys.a(fstat.o)
 .ARM.attributes
                0x00000ac7       0x2c /home/bitcraze/bin/gcc-arm-none-eabi/bin/../lib/gcc/arm-none-eabi/4.9.3/../../../../arm-none-eabi/lib/armv6-m/libnosys.a(isatty.o)
 .ARM.attributes
                0x00000af3       0x2c /home/bitcraze/bin/gcc-arm-none-eabi/bin/../lib/gcc/arm-none-eabi/4.9.3/../../../../arm-none-eabi/lib/armv6-m/libnosys.a(lseek.o)
 .ARM.attributes
                0x00000b1f       0x2c /home/bitcraze/bin/gcc-arm-none-eabi/bin/../lib/gcc/arm-none-eabi/4.9.3/../../../../arm-none-eabi/lib/armv6-m/libnosys.a(read.o)
 .ARM.attributes
                0x00000b4b       0x2c /home/bitcraze/bin/gcc-arm-none-eabi/bin/../lib/gcc/arm-none-eabi/4.9.3/../../../../arm-none-eabi/lib/armv6-m/libnosys.a(sbrk.o)
 .ARM.attributes
                0x00000b77       0x2c /home/bitcraze/bin/gcc-arm-none-eabi/bin/../lib/gcc/arm-none-eabi/4.9.3/../../../../arm-none-eabi/lib/armv6-m/libnosys.a(write.o)
 .ARM.attributes
                0x00000ba3       0x2c /home/bitcraze/bin/gcc-arm-none-eabi/bin/../lib/gcc/arm-none-eabi/4.9.3/../../../../arm-none-eabi/lib/armv6-m/libnosys.a(_exit.o)

.comment        0x00000000       0x70
 .comment       0x00000000       0x70 src/main.o
                                 0x71 (size before relaxing)
 .comment       0x00000000       0x71 system_nrf51.o
 .comment       0x00000000       0x71 src/uart.o
 .comment       0x00000000       0x71 src/syslink.o
 .comment       0x00000000       0x71 src/pm.o
 .comment       0x00000000       0x71 src/systick.o
 .comment       0x00000000       0x71 src/button.o
 .comment       0x00000000       0x71 src/swd.o
 .comment       0x00000000       0x71 src/ow.o
 .comment       0x00000000       0x71 src/ow/owlnk.o
 .comment       0x00000000       0x71 src/ow/ownet.o
 .comment       0x00000000       0x71 src/ow/owtran.o
 .comment       0x00000000       0x71 src/ow/crcutil.o
 .comment       0x00000000       0x71 src/ds2431.o
 .comment       0x00000000       0x71 src/ds28e05.o
 .comment       0x00000000       0x71 src/esb.o
 .comment       0x00000000       0x71 src/memory.o

.debug_info     0x00000000     0x58e8
 .debug_info    0x00000000      0xc57 src/main.o
 .debug_info    0x00000c57      0x1e7 system_nrf51.o
 .debug_info    0x00000e3e      0x93d src/uart.o
 .debug_info    0x0000177b      0x1f0 src/syslink.o
 .debug_info    0x0000196b      0x998 src/pm.o
 .debug_info    0x00002303      0x5ab src/systick.o
 .debug_info    0x000028ae      0x2ad src/button.o
 .debug_info    0x00002b5b      0x485 src/swd.o
 .debug_info    0x00002fe0      0x6aa src/ow.o
 .debug_info    0x0000368a      0x5c4 src/ow/owlnk.o
 .debug_info    0x00003c4e      0x48a src/ow/ownet.o
 .debug_info    0x000040d8      0x17e src/ow/owtran.o
 .debug_info    0x00004256      0x1e6 src/ow/crcutil.o
 .debug_info    0x0000443c      0x303 src/ds2431.o
 .debug_info    0x0000473f      0x250 src/ds28e05.o
 .debug_info    0x0000498f      0xcb8 src/esb.o
 .debug_info    0x00005647      0x2a1 src/memory.o

.debug_abbrev   0x00000000     0x17c4
 .debug_abbrev  0x00000000      0x286 src/main.o
 .debug_abbrev  0x00000286       0xf4 system_nrf51.o
 .debug_abbrev  0x0000037a      0x205 src/uart.o
 .debug_abbrev  0x0000057f       0xec src/syslink.o
 .debug_abbrev  0x0000066b      0x245 src/pm.o
 .debug_abbrev  0x000008b0      0x156 src/systick.o
 .debug_abbrev  0x00000a06      0x142 src/button.o
 .debug_abbrev  0x00000b48      0x14a src/swd.o
 .debug_abbrev  0x00000c92      0x15a src/ow.o
 .debug_abbrev  0x00000dec      0x179 src/ow/owlnk.o
 .debug_abbrev  0x00000f65      0x12e src/ow/ownet.o
 .debug_abbrev  0x00001093       0xa6 src/ow/owtran.o
 .debug_abbrev  0x00001139       0xc0 src/ow/crcutil.o
 .debug_abbrev  0x000011f9       0xb8 src/ds2431.o
 .debug_abbrev  0x000012b1       0xb8 src/ds28e05.o
 .debug_abbrev  0x00001369      0x33f src/esb.o
 .debug_abbrev  0x000016a8      0x11c src/memory.o

.debug_aranges  0x00000000      0x220
 .debug_aranges
                0x00000000       0x20 src/main.o
 .debug_aranges
                0x00000020       0x20 system_nrf51.o
 .debug_aranges
                0x00000040       0x20 src/uart.o
 .debug_aranges
                0x00000060       0x20 src/syslink.o
 .debug_aranges
                0x00000080       0x20 src/pm.o
 .debug_aranges
                0x000000a0       0x20 src/systick.o
 .debug_aranges
                0x000000c0       0x20 src/button.o
 .debug_aranges
                0x000000e0       0x20 src/swd.o
 .debug_aranges
                0x00000100       0x20 src/ow.o
 .debug_aranges
                0x00000120       0x20 src/ow/owlnk.o
 .debug_aranges
                0x00000140       0x20 src/ow/ownet.o
 .debug_aranges
                0x00000160       0x20 src/ow/owtran.o
 .debug_aranges
                0x00000180       0x20 src/ow/crcutil.o
 .debug_aranges
                0x000001a0       0x20 src/ds2431.o
 .debug_aranges
                0x000001c0       0x20 src/ds28e05.o
 .debug_aranges
                0x000001e0       0x20 src/esb.o
 .debug_aranges
                0x00000200       0x20 src/memory.o

.debug_macro    0x00000000     0xbad5
 .debug_macro   0x00000000      0x28f src/main.o
 .debug_macro   0x0000028f      0x826 src/main.o
 .debug_macro   0x00000ab5       0x22 src/main.o
 .debug_macro   0x00000ad7       0x3a src/main.o
 .debug_macro   0x00000b11       0x22 src/main.o
 .debug_macro   0x00000b33       0x44 src/main.o
 .debug_macro   0x00000b77       0x1c src/main.o
 .debug_macro   0x00000b93      0x1f7 src/main.o
 .debug_macro   0x00000d8a       0x1f src/main.o
 .debug_macro   0x00000da9      0x242 src/main.o
 .debug_macro   0x00000feb      0x1d2 src/main.o
 .debug_macro   0x000011bd     0x74a3 src/main.o
 .debug_macro   0x00008660      0x963 src/main.o
 .debug_macro   0x00008fc3       0x10 src/main.o
 .debug_macro   0x00008fd3       0x58 src/main.o
 .debug_macro   0x0000902b       0x35 src/main.o
 .debug_macro   0x00009060       0x9c src/main.o
 .debug_macro   0x000090fc       0x16 src/main.o
 .debug_macro   0x00009112       0x97 src/main.o
 .debug_macro   0x000091a9      0x29d src/main.o
 .debug_macro   0x00009446       0xef src/main.o
 .debug_macro   0x00009535       0x10 src/main.o
 .debug_macro   0x00009545       0x52 src/main.o
 .debug_macro   0x00009597       0x16 src/main.o
 .debug_macro   0x000095ad       0x43 src/main.o
 .debug_macro   0x000095f0      0x180 src/main.o
 .debug_macro   0x00009770       0x10 src/main.o
 .debug_macro   0x00009780       0x22 src/main.o
 .debug_macro   0x000097a2       0xbd src/main.o
 .debug_macro   0x0000985f       0x16 src/main.o
 .debug_macro   0x00009875      0x16d src/main.o
 .debug_macro   0x000099e2       0x16 src/main.o
 .debug_macro   0x000099f8       0x35 src/main.o
 .debug_macro   0x00009a2d       0x22 src/main.o
 .debug_macro   0x00009a4f       0x1c src/main.o
 .debug_macro   0x00009a6b       0x5e src/main.o
 .debug_macro   0x00009ac9       0xbe src/main.o
 .debug_macro   0x00009b87       0x1c src/main.o
 .debug_macro   0x00009ba3       0x28 src/main.o
 .debug_macro   0x00009bcb       0x16 src/main.o
 .debug_macro   0x00009be1       0x16 src/main.o
 .debug_macro   0x00009bf7       0x16 src/main.o
 .debug_macro   0x00009c0d       0x29 src/main.o
 .debug_macro   0x00009c36      0x425 src/main.o
 .debug_macro   0x0000a05b       0xc7 system_nrf51.o
 .debug_macro   0x0000a122       0xe0 src/uart.o
 .debug_macro   0x0000a202       0xf1 src/syslink.o
 .debug_macro   0x0000a2f3       0x58 src/syslink.o
 .debug_macro   0x0000a34b      0x105 src/pm.o
 .debug_macro   0x0000a450       0x22 src/pm.o
 .debug_macro   0x0000a472       0x22 src/pm.o
 .debug_macro   0x0000a494       0xb4 src/systick.o
 .debug_macro   0x0000a548       0xed src/button.o
 .debug_macro   0x0000a635       0xea src/swd.o
 .debug_macro   0x0000a71f      0x170 src/ow.o
 .debug_macro   0x0000a88f       0x10 src/ow.o
 .debug_macro   0x0000a89f      0x166 src/ow.o
 .debug_macro   0x0000aa05       0x4a src/ow.o
 .debug_macro   0x0000aa4f      0x23b src/ow.o
 .debug_macro   0x0000ac8a      0x1f8 src/ow/owlnk.o
 .debug_macro   0x0000ae82      0x10e src/ow/owlnk.o
 .debug_macro   0x0000af90       0x7f src/ow/owlnk.o
 .debug_macro   0x0000b00f       0x1c src/ow/owlnk.o
 .debug_macro   0x0000b02b      0x141 src/ow/ownet.o
 .debug_macro   0x0000b16c      0x13b src/ow/owtran.o
 .debug_macro   0x0000b2a7      0x13b src/ow/crcutil.o
 .debug_macro   0x0000b3e2      0x198 src/ds2431.o
 .debug_macro   0x0000b57a       0x10 src/ds2431.o
 .debug_macro   0x0000b58a      0x1c0 src/ds28e05.o
 .debug_macro   0x0000b74a      0x1a8 src/esb.o
 .debug_macro   0x0000b8f2       0x16 src/esb.o
 .debug_macro   0x0000b908      0x1bd src/memory.o
 .debug_macro   0x0000bac5       0x10 src/memory.o

.debug_line     0x00000000     0x35b2
 .debug_line    0x00000000      0x503 src/main.o
 .debug_line    0x00000503      0x28d system_nrf51.o
 .debug_line    0x00000790      0x2fc src/uart.o
 .debug_line    0x00000a8c      0x2f8 src/syslink.o
 .debug_line    0x00000d84      0x335 src/pm.o
 .debug_line    0x000010b9      0x261 src/systick.o
 .debug_line    0x0000131a      0x2b2 src/button.o
 .debug_line    0x000015cc      0x2cc src/swd.o
 .debug_line    0x00001898      0x329 src/ow.o
 .debug_line    0x00001bc1      0x3f8 src/ow/owlnk.o
 .debug_line    0x00001fb9      0x3c5 src/ow/ownet.o
 .debug_line    0x0000237e      0x29a src/ow/owtran.o
 .debug_line    0x00002618      0x26b src/ow/crcutil.o
 .debug_line    0x00002883      0x30b src/ds2431.o
 .debug_line    0x00002b8e      0x329 src/ds28e05.o
 .debug_line    0x00002eb7      0x3cc src/esb.o
 .debug_line    0x00003283      0x32f src/memory.o

.debug_str      0x00000000    0x34eb3
 .debug_str     0x00000000    0x3369b src/main.o
                              0x338e2 (size before relaxing)
 .debug_str     0x0003369b       0xf0 system_nrf51.o
                              0x2eb63 (size before relaxing)
 .debug_str     0x0003378b      0x3e0 src/uart.o
                              0x2f17e (size before relaxing)
 .debug_str     0x00033b6b       0xe4 src/syslink.o
                              0x2ef1a (size before relaxing)
 .debug_str     0x00033c4f      0x1d2 src/pm.o
                              0x2f32a (size before relaxing)
 .debug_str     0x00033e21       0xa0 src/systick.o
                              0x2ed33 (size before relaxing)
 .debug_str     0x00033ec1       0x63 src/button.o
                              0x2ef45 (size before relaxing)
 .debug_str     0x00033f24       0xbd src/swd.o
                              0x2eec2 (size before relaxing)
 .debug_str     0x00033fe1      0x48e src/ow.o
                              0x30a16 (size before relaxing)
 .debug_str     0x0003446f       0xe5 src/ow/owlnk.o
                              0x330c3 (size before relaxing)
 .debug_str     0x00034554      0x17c src/ow/ownet.o
                               0x68d9 (size before relaxing)
 .debug_str     0x000346d0       0x76 src/ow/owtran.o
                               0x67db (size before relaxing)
 .debug_str     0x00034746       0x60 src/ow/crcutil.o
                               0x67c0 (size before relaxing)
 .debug_str     0x000347a6      0x105 src/ds2431.o
                               0x717b (size before relaxing)
 .debug_str     0x000348ab      0x141 src/ds28e05.o
                               0x71b8 (size before relaxing)
 .debug_str     0x000349ec      0x444 src/esb.o
                              0x308f4 (size before relaxing)
 .debug_str     0x00034e30       0x83 src/memory.o
                               0x7317 (size before relaxing)

.debug_frame    0x00000000     0x1978
 .debug_frame   0x00000000       0xa8 src/main.o
 .debug_frame   0x000000a8       0x80 system_nrf51.o
 .debug_frame   0x00000128      0x168 src/uart.o
 .debug_frame   0x00000290       0x50 src/syslink.o
 .debug_frame   0x000002e0      0x278 src/pm.o
 .debug_frame   0x00000558       0xa8 src/systick.o
 .debug_frame   0x00000600       0x8c src/button.o
 .debug_frame   0x0000068c       0x8c src/swd.o
 .debug_frame   0x00000718       0xb0 src/ow.o
 .debug_frame   0x000007c8      0x168 src/ow/owlnk.o
 .debug_frame   0x00000930      0x130 src/ow/ownet.o
 .debug_frame   0x00000a60       0x50 src/ow/owtran.o
 .debug_frame   0x00000ab0       0x90 src/ow/crcutil.o
 .debug_frame   0x00000b40       0xb0 src/ds2431.o
 .debug_frame   0x00000bf0       0x50 src/ds28e05.o
 .debug_frame   0x00000c40      0x2b0 src/esb.o
 .debug_frame   0x00000ef0       0x8c src/memory.o
 .debug_frame   0x00000f7c       0x3c /home/bitcraze/bin/gcc-arm-none-eabi/bin/../lib/gcc/arm-none-eabi/4.9.3/armv6-m/libgcc.a(divsf3.o)
 .debug_frame   0x00000fb8       0x3c /home/bitcraze/bin/gcc-arm-none-eabi/bin/../lib/gcc/arm-none-eabi/4.9.3/armv6-m/libgcc.a(mulsf3.o)
 .debug_frame   0x00000ff4       0x2c /home/bitcraze/bin/gcc-arm-none-eabi/bin/../lib/gcc/arm-none-eabi/4.9.3/armv6-m/libgcc.a(floatsisf.o)
 .debug_frame   0x00001020       0x20 /home/bitcraze/bin/gcc-arm-none-eabi/bin/../lib/gcc/arm-none-eabi/4.9.3/../../../../arm-none-eabi/lib/armv6-m/libc_nano.a(lib_a-bzero.o)
 .debug_frame   0x00001040       0x20 /home/bitcraze/bin/gcc-arm-none-eabi/bin/../lib/gcc/arm-none-eabi/4.9.3/../../../../arm-none-eabi/lib/armv6-m/libc_nano.a(lib_a-errno.o)
 .debug_frame   0x00001060       0x28 /home/bitcraze/bin/gcc-arm-none-eabi/bin/../lib/gcc/arm-none-eabi/4.9.3/../../../../arm-none-eabi/lib/armv6-m/libc_nano.a(lib_a-exit.o)
 .debug_frame   0x00001088       0x2c /home/bitcraze/bin/gcc-arm-none-eabi/bin/../lib/gcc/arm-none-eabi/4.9.3/../../../../arm-none-eabi/lib/armv6-m/libc_nano.a(lib_a-init.o)
 .debug_frame   0x000010b4       0x2c /home/bitcraze/bin/gcc-arm-none-eabi/bin/../lib/gcc/arm-none-eabi/4.9.3/../../../../arm-none-eabi/lib/armv6-m/libc_nano.a(lib_a-memcmp.o)
 .debug_frame   0x000010e0       0x28 /home/bitcraze/bin/gcc-arm-none-eabi/bin/../lib/gcc/arm-none-eabi/4.9.3/../../../../arm-none-eabi/lib/armv6-m/libc_nano.a(lib_a-memcpy.o)
 .debug_frame   0x00001108       0x20 /home/bitcraze/bin/gcc-arm-none-eabi/bin/../lib/gcc/arm-none-eabi/4.9.3/../../../../arm-none-eabi/lib/armv6-m/libc_nano.a(lib_a-memset.o)
 .debug_frame   0x00001128       0x50 /home/bitcraze/bin/gcc-arm-none-eabi/bin/../lib/gcc/arm-none-eabi/4.9.3/../../../../arm-none-eabi/lib/armv6-m/libc_nano.a(lib_a-printf.o)
 .debug_frame   0x00001178      0x140 /home/bitcraze/bin/gcc-arm-none-eabi/bin/../lib/gcc/arm-none-eabi/4.9.3/../../../../arm-none-eabi/lib/armv6-m/libc_nano.a(lib_a-findfp.o)
 .debug_frame   0x000012b8       0x58 /home/bitcraze/bin/gcc-arm-none-eabi/bin/../lib/gcc/arm-none-eabi/4.9.3/../../../../arm-none-eabi/lib/armv6-m/libc_nano.a(lib_a-fwalk.o)
 .debug_frame   0x00001310       0x2c /home/bitcraze/bin/gcc-arm-none-eabi/bin/../lib/gcc/arm-none-eabi/4.9.3/../../../../arm-none-eabi/lib/armv6-m/libc_nano.a(lib_a-nano-mallocr.o)
 .debug_frame   0x0000133c       0xa0 /home/bitcraze/bin/gcc-arm-none-eabi/bin/../lib/gcc/arm-none-eabi/4.9.3/../../../../arm-none-eabi/lib/armv6-m/libc_nano.a(lib_a-nano-vfprintf.o)
 .debug_frame   0x000013dc       0x54 /home/bitcraze/bin/gcc-arm-none-eabi/bin/../lib/gcc/arm-none-eabi/4.9.3/../../../../arm-none-eabi/lib/armv6-m/libc_nano.a(lib_a-nano-vfprintf_i.o)
 .debug_frame   0x00001430       0x2c /home/bitcraze/bin/gcc-arm-none-eabi/bin/../lib/gcc/arm-none-eabi/4.9.3/../../../../arm-none-eabi/lib/armv6-m/libc_nano.a(lib_a-sbrkr.o)
 .debug_frame   0x0000145c       0x90 /home/bitcraze/bin/gcc-arm-none-eabi/bin/../lib/gcc/arm-none-eabi/4.9.3/../../../../arm-none-eabi/lib/armv6-m/libc_nano.a(lib_a-stdio.o)
 .debug_frame   0x000014ec       0x44 /home/bitcraze/bin/gcc-arm-none-eabi/bin/../lib/gcc/arm-none-eabi/4.9.3/../../../../arm-none-eabi/lib/armv6-m/libc_nano.a(lib_a-wbuf.o)
 .debug_frame   0x00001530       0x2c /home/bitcraze/bin/gcc-arm-none-eabi/bin/../lib/gcc/arm-none-eabi/4.9.3/../../../../arm-none-eabi/lib/armv6-m/libc_nano.a(lib_a-writer.o)
 .debug_frame   0x0000155c       0x2c /home/bitcraze/bin/gcc-arm-none-eabi/bin/../lib/gcc/arm-none-eabi/4.9.3/../../../../arm-none-eabi/lib/armv6-m/libc_nano.a(lib_a-wsetup.o)
 .debug_frame   0x00001588       0x2c /home/bitcraze/bin/gcc-arm-none-eabi/bin/../lib/gcc/arm-none-eabi/4.9.3/../../../../arm-none-eabi/lib/armv6-m/libc_nano.a(lib_a-closer.o)
 .debug_frame   0x000015b4       0x68 /home/bitcraze/bin/gcc-arm-none-eabi/bin/../lib/gcc/arm-none-eabi/4.9.3/../../../../arm-none-eabi/lib/armv6-m/libc_nano.a(lib_a-fflush.o)
 .debug_frame   0x0000161c       0x30 /home/bitcraze/bin/gcc-arm-none-eabi/bin/../lib/gcc/arm-none-eabi/4.9.3/../../../../arm-none-eabi/lib/armv6-m/libc_nano.a(lib_a-fvwrite.o)
 .debug_frame   0x0000164c       0x2c /home/bitcraze/bin/gcc-arm-none-eabi/bin/../lib/gcc/arm-none-eabi/4.9.3/../../../../arm-none-eabi/lib/armv6-m/libc_nano.a(lib_a-lseekr.o)
 .debug_frame   0x00001678       0x30 /home/bitcraze/bin/gcc-arm-none-eabi/bin/../lib/gcc/arm-none-eabi/4.9.3/../../../../arm-none-eabi/lib/armv6-m/libc_nano.a(lib_a-makebuf.o)
 .debug_frame   0x000016a8       0x20 /home/bitcraze/bin/gcc-arm-none-eabi/bin/../lib/gcc/arm-none-eabi/4.9.3/../../../../arm-none-eabi/lib/armv6-m/libc_nano.a(lib_a-memchr.o)
 .debug_frame   0x000016c8       0x28 /home/bitcraze/bin/gcc-arm-none-eabi/bin/../lib/gcc/arm-none-eabi/4.9.3/../../../../arm-none-eabi/lib/armv6-m/libc_nano.a(lib_a-memmove.o)
 .debug_frame   0x000016f0       0x2c /home/bitcraze/bin/gcc-arm-none-eabi/bin/../lib/gcc/arm-none-eabi/4.9.3/../../../../arm-none-eabi/lib/armv6-m/libc_nano.a(lib_a-nano-freer.o)
 .debug_frame   0x0000171c       0x30 /home/bitcraze/bin/gcc-arm-none-eabi/bin/../lib/gcc/arm-none-eabi/4.9.3/../../../../arm-none-eabi/lib/armv6-m/libc_nano.a(lib_a-nano-reallocr.o)
 .debug_frame   0x0000174c       0x2c /home/bitcraze/bin/gcc-arm-none-eabi/bin/../lib/gcc/arm-none-eabi/4.9.3/../../../../arm-none-eabi/lib/armv6-m/libc_nano.a(lib_a-readr.o)
 .debug_frame   0x00001778       0x48 /home/bitcraze/bin/gcc-arm-none-eabi/bin/../lib/gcc/arm-none-eabi/4.9.3/../../../../arm-none-eabi/lib/armv6-m/libc_nano.a(lib_a-reent.o)
 .debug_frame   0x000017c0       0x2c /home/bitcraze/bin/gcc-arm-none-eabi/bin/../lib/gcc/arm-none-eabi/4.9.3/../../../../arm-none-eabi/lib/armv6-m/libc_nano.a(lib_a-fstatr.o)
 .debug_frame   0x000017ec       0x2c /home/bitcraze/bin/gcc-arm-none-eabi/bin/../lib/gcc/arm-none-eabi/4.9.3/../../../../arm-none-eabi/lib/armv6-m/libc_nano.a(lib_a-isattyr.o)
 .debug_frame   0x00001818       0x20 /home/bitcraze/bin/gcc-arm-none-eabi/bin/../lib/gcc/arm-none-eabi/4.9.3/../../../../arm-none-eabi/lib/armv6-m/libc_nano.a(lib_a-nano-msizer.o)
 .debug_frame   0x00001838       0x20 /home/bitcraze/bin/gcc-arm-none-eabi/bin/../lib/gcc/arm-none-eabi/4.9.3/armv6-m/libgcc.a(_udivsi3.o)
 .debug_frame   0x00001858       0x20 /home/bitcraze/bin/gcc-arm-none-eabi/bin/../lib/gcc/arm-none-eabi/4.9.3/armv6-m/libgcc.a(_divsi3.o)
 .debug_frame   0x00001878       0x20 /home/bitcraze/bin/gcc-arm-none-eabi/bin/../lib/gcc/arm-none-eabi/4.9.3/../../../../arm-none-eabi/lib/armv6-m/libnosys.a(close.o)
 .debug_frame   0x00001898       0x20 /home/bitcraze/bin/gcc-arm-none-eabi/bin/../lib/gcc/arm-none-eabi/4.9.3/../../../../arm-none-eabi/lib/armv6-m/libnosys.a(fstat.o)
 .debug_frame   0x000018b8       0x20 /home/bitcraze/bin/gcc-arm-none-eabi/bin/../lib/gcc/arm-none-eabi/4.9.3/../../../../arm-none-eabi/lib/armv6-m/libnosys.a(isatty.o)
 .debug_frame   0x000018d8       0x20 /home/bitcraze/bin/gcc-arm-none-eabi/bin/../lib/gcc/arm-none-eabi/4.9.3/../../../../arm-none-eabi/lib/armv6-m/libnosys.a(lseek.o)
 .debug_frame   0x000018f8       0x20 /home/bitcraze/bin/gcc-arm-none-eabi/bin/../lib/gcc/arm-none-eabi/4.9.3/../../../../arm-none-eabi/lib/armv6-m/libnosys.a(read.o)
 .debug_frame   0x00001918       0x20 /home/bitcraze/bin/gcc-arm-none-eabi/bin/../lib/gcc/arm-none-eabi/4.9.3/../../../../arm-none-eabi/lib/armv6-m/libnosys.a(sbrk.o)
 .debug_frame   0x00001938       0x20 /home/bitcraze/bin/gcc-arm-none-eabi/bin/../lib/gcc/arm-none-eabi/4.9.3/../../../../arm-none-eabi/lib/armv6-m/libnosys.a(write.o)
 .debug_frame   0x00001958       0x20 /home/bitcraze/bin/gcc-arm-none-eabi/bin/../lib/gcc/arm-none-eabi/4.9.3/../../../../arm-none-eabi/lib/armv6-m/libnosys.a(_exit.o)

.stab           0x00000000       0x9c
 .stab          0x00000000       0x24 /home/bitcraze/bin/gcc-arm-none-eabi/bin/../lib/gcc/arm-none-eabi/4.9.3/../../../../arm-none-eabi/lib/armv6-m/libnosys.a(close.o)
 .stab          0x00000024       0x18 /home/bitcraze/bin/gcc-arm-none-eabi/bin/../lib/gcc/arm-none-eabi/4.9.3/../../../../arm-none-eabi/lib/armv6-m/libnosys.a(fstat.o)